 main

 Timestamp is 601ac04b (Wed Feb 03 07:24:59 2021)

 Preferred load address is 0000000140000000

 Start         Length     Name                   Class
 0001:00000000 0002339cH .text                   CODE
 0001:000233a0 0000061bH .text$x                 CODE
 0001:000239c0 00000017H .text$yc                CODE
 0002:00000000 000002e0H .idata$5                DATA
 0002:000002e0 00000008H .CRT$XCA                DATA
 0002:000002e8 00000008H .CRT$XCU                DATA
 0002:000002f0 00000008H .CRT$XCZ                DATA
 0002:000002f8 00000008H .CRT$XIA                DATA
 0002:00000300 00000018H .CRT$XIC                DATA
 0002:00000318 00000008H .CRT$XIY                DATA
 0002:00000320 00000008H .CRT$XIZ                DATA
 0002:00000328 00000008H .CRT$XPA                DATA
 0002:00000330 00000010H .CRT$XPX                DATA
 0002:00000340 00000008H .CRT$XPXA               DATA
 0002:00000348 00000008H .CRT$XPZ                DATA
 0002:00000350 00000008H .CRT$XTA                DATA
 0002:00000358 00000008H .CRT$XTZ                DATA
 0002:00000360 000086c8H .rdata                  DATA
 0002:00008a28 00000064H .rdata$debug            DATA
 0002:00008a90 0000016cH .rdata$r                DATA
 0002:00008c00 00000008H .rtc$IAA                DATA
 0002:00008c08 00000008H .rtc$IZZ                DATA
 0002:00008c10 00000008H .rtc$TAA                DATA
 0002:00008c18 00000008H .rtc$TZZ                DATA
 0002:00008c20 00000a88H .xdata                  DATA
 0002:000096a8 00000084H .xdata$x                DATA
 0002:0000972c 00000050H .idata$2                DATA
 0002:0000977c 00000014H .idata$3                DATA
 0002:00009790 000002e0H .idata$4                DATA
 0002:00009a70 000006a6H .idata$6                DATA
 0002:0000a116 00000000H .edata                  DATA
 0003:00000000 00001410H .data                   DATA
 0003:00001420 00002458H .bss                    DATA
 0004:00000000 00001080H .pdata                  DATA

  Address         Publics by Value              Rva+Base               Lib:Object

 0000:00000000       ___safe_se_handler_count   0000000000000000     <absolute>
 0000:00000000       ___safe_se_handler_table   0000000000000000     <absolute>
 0000:00000000       __ImageBase                0000000140000000     <linker-defined>
 0001:00000000       ?input@@YAXXZ              0000000140001000 f   main.obj
 0001:00000130       ?draw@@YAXXZ               0000000140001130 f   main.obj
 0001:000006f0       ?update@@YAXXZ             00000001400016f0 f   main.obj
 0001:00000700       main                       0000000140001700 f   main.obj
 0001:00000770       ?drawLine@@YAXHHHHEEEEH@Z  0000000140001770 f i main.obj
 0001:00000840       ?init_Window@@YAXPEAD0HHHHH_N@Z 0000000140001840 f   Window.obj
 0001:00000c30       ?destroy_Window@@YAXXZ     0000000140001c30 f   Window.obj
 0001:00000c6c       SDL_PollEvent              0000000140001c6c f   SDL2:SDL2.dll
 0001:00000c72       SDL_RenderPresent          0000000140001c72 f   SDL2:SDL2.dll
 0001:00000c78       SDL_RenderClear            0000000140001c78 f   SDL2:SDL2.dll
 0001:00000c7e       SDL_SetRenderDrawColor     0000000140001c7e f   SDL2:SDL2.dll
 0001:00000c84       SDL_RenderDrawLine         0000000140001c84 f   SDL2:SDL2.dll
 0001:00000c8a       SDL_SetRenderDrawBlendMode 0000000140001c8a f   SDL2:SDL2.dll
 0001:00000c90       SDL_GetKeyboardState       0000000140001c90 f   SDL2:SDL2.dll
 0001:00000c96       SDL_RenderSetLogicalSize   0000000140001c96 f   SDL2:SDL2.dll
 0001:00000c9c       SDL_CreateRenderer         0000000140001c9c f   SDL2:SDL2.dll
 0001:00000ca2       SDL_CreateWindow           0000000140001ca2 f   SDL2:SDL2.dll
 0001:00000ca8       SDL_SetHint                0000000140001ca8 f   SDL2:SDL2.dll
 0001:00000cae       SDL_GetError               0000000140001cae f   SDL2:SDL2.dll
 0001:00000cb4       SDL_Init                   0000000140001cb4 f   SDL2:SDL2.dll
 0001:00000cba       SDL_Quit                   0000000140001cba f   SDL2:SDL2.dll
 0001:00000cc0       SDL_DestroyWindow          0000000140001cc0 f   SDL2:SDL2.dll
 0001:00000cc6       SDL_DestroyRenderer        0000000140001cc6 f   SDL2:SDL2.dll
 0001:00000ccc       IMG_Init                   0000000140001ccc f   SDL2_image:SDL2_image.dll
 0001:00000cd2       Mix_OpenAudio              0000000140001cd2 f   SDL2_mixer:SDL2_mixer.dll
 0001:00000ce0       _wassert                   0000000140001ce0 f   LIBCMTD:wassert.obj
 0001:00001ba0       _invoke_watson_if_error    0000000140002ba0 f i LIBCMTD:wassert.obj
 0001:00001c50       printf                     0000000140002c50 f   LIBCMTD:printf.obj
 0001:00001da0       _get_printf_count_output   0000000140002da0 f   LIBCMTD:printf.obj
 0001:00001dd0       mainCRTStartup             0000000140002dd0 f   LIBCMTD:crt0.obj
 0001:00001ff0       __GSHandlerCheck           0000000140002ff0 f   LIBCMTD:gshandler.obj
 0001:00002030       __GSHandlerCheckCommon     0000000140003030 f   LIBCMTD:gshandler.obj
 0001:00002130       _cinit                     0000000140003130 f   LIBCMTD:crt0dat.obj
 0001:000021e0       exit                       00000001400031e0 f   LIBCMTD:crt0dat.obj
 0001:00002200       _exit                      0000000140003200 f   LIBCMTD:crt0dat.obj
 0001:00002220       _cexit                     0000000140003220 f   LIBCMTD:crt0dat.obj
 0001:00002240       _c_exit                    0000000140003240 f   LIBCMTD:crt0dat.obj
 0001:00002260       _amsg_exit                 0000000140003260 f   LIBCMTD:crt0dat.obj
 0001:00002290       __freeCrtMemory            0000000140003290 f   LIBCMTD:crt0dat.obj
 0001:00002620       __crtCorExitProcess        0000000140003620 f   LIBCMTD:crt0dat.obj
 0001:00002670       __crtExitProcess           0000000140003670 f   LIBCMTD:crt0dat.obj
 0001:00002690       _lockexit                  0000000140003690 f   LIBCMTD:crt0dat.obj
 0001:000026b0       _unlockexit                00000001400036b0 f   LIBCMTD:crt0dat.obj
 0001:000026d0       _init_pointers             00000001400036d0 f   LIBCMTD:crt0dat.obj
 0001:00002770       _initterm_e                0000000140003770 f   LIBCMTD:crt0dat.obj
 0001:000027d0       _initp_misc_winsig         00000001400037d0 f   LIBCMTD:winsig.obj
 0001:00002810       raise                      0000000140003810 f   LIBCMTD:winsig.obj
 0001:00002c50       __get_sigabrt              0000000140003c50 f   LIBCMTD:winsig.obj
 0001:00002c70       __crtMessageBoxW           0000000140003c70 f   LIBCMTD:crtmboxw.obj
 0001:00002f80       _itow_s                    0000000140003f80 f   LIBCMTD:xtows.obj
 0001:00003590       wcsncat_s                  0000000140004590 f   LIBCMTD:wcsncat_s.obj
 0001:00003ce0       wcsncpy_s                  0000000140004ce0 f   LIBCMTD:wcsncpy_s.obj
 0001:00004340       wcscat_s                   0000000140005340 f   LIBCMTD:wcscat_s.obj
 0001:00004940       wcscpy_s                   0000000140005940 f   LIBCMTD:wcscpy_s.obj
 0001:00004dd0       fflush                     0000000140005dd0 f   LIBCMTD:fflush.obj
 0001:00004e20       _fflush_nolock             0000000140005e20 f   LIBCMTD:fflush.obj
 0001:00004ea0       _flush                     0000000140005ea0 f   LIBCMTD:fflush.obj
 0001:00004f90       _flushall                  0000000140005f90 f   LIBCMTD:fflush.obj
 0001:00005120       fwprintf                   0000000140006120 f   LIBCMTD:fwprintf.obj
 0001:000052e0       setvbuf                    00000001400062e0 f   LIBCMTD:setvbuf.obj
 0001:00005670       __iob_func                 0000000140006670 f   LIBCMTD:_file.obj
 0001:00005680       __initstdio                0000000140006680 f   LIBCMTD:_file.obj
 0001:00005840       __endstdio                 0000000140006840 f   LIBCMTD:_file.obj
 0001:00005870       _lock_file                 0000000140006870 f   LIBCMTD:_file.obj
 0001:000058f0       _lock_file2                00000001400068f0 f   LIBCMTD:_file.obj
 0001:00005940       _unlock_file               0000000140006940 f   LIBCMTD:_file.obj
 0001:000059c0       _unlock_file2              00000001400069c0 f   LIBCMTD:_file.obj
 0001:00005a10       abort                      0000000140006a10 f   LIBCMTD:abort.obj
 0001:00005a90       wcslen                     0000000140006a90 f   LIBCMTD:wcslen.obj
 0001:00005ae0       _set_error_mode            0000000140006ae0 f   LIBCMTD:errmode.obj
 0001:00005bf0       __security_check_cookie    0000000140006bf0 f   LIBCMTD:amdsecgs.obj
 0001:00005c10       _initp_misc_invarg         0000000140006c10 f   LIBCMTD:invarg.obj
 0001:00005c30       _invalid_parameter         0000000140006c30 f   LIBCMTD:invarg.obj
 0001:00005cc0       _invoke_watson             0000000140006cc0 f   LIBCMTD:invarg.obj
 0001:00005d10       _call_reportfault          0000000140006d10 f   LIBCMTD:invarg.obj
 0001:00005ee0       _vswprintf_helper          0000000140006ee0 f   LIBCMTD:vswprnc.obj
 0001:00006240       _vswprintf_c_l             0000000140007240 f   LIBCMTD:vswprnc.obj
 0001:000062b0       _vsnwprintf_s_l            00000001400072b0 f   LIBCMTD:vswprnc.obj
 0001:00006830       _vsnwprintf_s              0000000140007830 f   LIBCMTD:vswprnc.obj
 0001:00006880       __C_specific_handler       0000000140007880 f   LIBCMTD:chandler.obj
 0001:00006d10       _stbuf                     0000000140007d10 f   LIBCMTD:_sftbuf.obj
 0001:00006ed0       _ftbuf                     0000000140007ed0 f   LIBCMTD:_sftbuf.obj
 0001:00006f90       _output_l                  0000000140007f90 f   LIBCMTD:output.obj
 0001:000086a0       ??0_LocaleUpdate@@QEAA@PEAUlocaleinfo_struct@@@Z 00000001400096a0 f i LIBCMTD:output.obj
 0001:000087f0       ??1_LocaleUpdate@@QEAA@XZ  00000001400097f0 f i LIBCMTD:output.obj
 0001:00008830       ?GetLocaleT@_LocaleUpdate@@QEAAPEAUlocaleinfo_struct@@XZ 0000000140009830 f i LIBCMTD:output.obj
 0001:00008930       get_int_arg                0000000140009930 f i LIBCMTD:output.obj
 0001:00008990       get_int64_arg              0000000140009990 f i LIBCMTD:output.obj
 0001:00008a00       get_short_arg              0000000140009a00 f i LIBCMTD:output.obj
 0001:00008a70       _dosmaperr                 0000000140009a70 f   LIBCMTD:dosmap.obj
 0001:00008aa0       _get_errno_from_oserr      0000000140009aa0 f   LIBCMTD:dosmap.obj
 0001:00008b30       _errno                     0000000140009b30 f   LIBCMTD:dosmap.obj
 0001:00008b60       __doserrno                 0000000140009b60 f   LIBCMTD:dosmap.obj
 0001:00008b90       _CrtDbgReportW             0000000140009b90 f   LIBCMTD:dbgrptw.obj
 0001:00008c00       _CrtDbgReportWV            0000000140009c00 f i LIBCMTD:dbgrptw.obj
 0001:00008c50       __crtMessageWindowW        0000000140009c50 f   LIBCMTD:dbgrptw.obj
 0001:00009240       _invoke_watson_if_oneof    000000014000a240 f i LIBCMTD:dbgrptw.obj
 0001:000092b0       ?__CxxUnhandledExceptionFilter@@YAJPEAU_EXCEPTION_POINTERS@@@Z 000000014000a2b0 f   LIBCMTD:unhandld.obj
 0001:00009330       __CxxSetUnhandledExceptionFilter 000000014000a330 f   LIBCMTD:unhandld.obj
 0001:00009350       __security_init_cookie     000000014000a350 f   LIBCMTD:gs_support.obj
 0001:00009460       _XcptFilter                000000014000a460 f   LIBCMTD:winxfltr.obj
 0001:00009790       _setenvp                   000000014000a790 f   LIBCMTD:stdenvp.obj
 0001:000099a0       _setargv                   000000014000a9a0 f   LIBCMTD:stdargv.obj
 0001:00009b20       _set_pgmptr                000000014000ab20 f i LIBCMTD:stdargv.obj
 0001:00009fd0       __crtGetEnvironmentStringsA 000000014000afd0 f   LIBCMTD:a_env.obj
 0001:0000a140       _ioinit                    000000014000b140 f   LIBCMTD:ioinit.obj
 0001:0000a800       _RTC_Initialize            000000014000b800 f   LIBCMTD:_initsect_.obj
 0001:0000a840       _RTC_Terminate             000000014000b840 f   LIBCMTD:_initsect_.obj
 0001:0000a880       _malloc_dbg                000000014000b880 f   LIBCMTD:dbgheap.obj
 0001:0000a8d0       _nh_malloc_dbg             000000014000b8d0 f   LIBCMTD:dbgheap.obj
 0001:0000aec0       _calloc_dbg_impl           000000014000bec0 f   LIBCMTD:dbgheap.obj
 0001:0000af70       _calloc_dbg                000000014000bf70 f   LIBCMTD:dbgheap.obj
 0001:0000aff0       _realloc_dbg               000000014000bff0 f   LIBCMTD:dbgheap.obj
 0001:0000b920       _free_dbg                  000000014000c920 f   LIBCMTD:dbgheap.obj
 0001:0000b960       _free_dbg_nolock           000000014000c960 f   LIBCMTD:dbgheap.obj
 0001:0000c000       _msize_dbg                 000000014000d000 f   LIBCMTD:dbgheap.obj
 0001:0000c260       _CrtCheckMemory            000000014000d260 f   LIBCMTD:dbgheap.obj
 0001:0000c800       _CrtSetDbgFlag             000000014000d800 f   LIBCMTD:dbgheap.obj
 0001:0000c930       _CrtIsValidPointer         000000014000d930 f   LIBCMTD:dbgheap.obj
 0001:0000c970       _CrtIsValidHeapPointer     000000014000d970 f   LIBCMTD:dbgheap.obj
 0001:0000c9d0       _CrtMemCheckpoint          000000014000d9d0 f   LIBCMTD:dbgheap.obj
 0001:0000cc50       _CrtMemDumpAllObjectsSince 000000014000dc50 f   LIBCMTD:dbgheap.obj
 0001:0000d2f0       _CrtDumpMemoryLeaks        000000014000e2f0 f   LIBCMTD:dbgheap.obj
 0001:0000d390       _CrtSetCheckCount          000000014000e390 f   LIBCMTD:dbgheap.obj
 0001:0000d3b0       _CrtGetCheckCount          000000014000e3b0 f   LIBCMTD:dbgheap.obj
 0001:0000d3c0       _encoded_null              000000014000e3c0 f   LIBCMTD:tidtable.obj
 0001:0000d3e0       _mtinit                    000000014000e3e0 f   LIBCMTD:tidtable.obj
 0001:0000d4b0       _mtterm                    000000014000e4b0 f   LIBCMTD:tidtable.obj
 0001:0000d4e0       _initptd                   000000014000e4e0 f   LIBCMTD:tidtable.obj
 0001:0000d5e0       _getptd_noexit             000000014000e5e0 f   LIBCMTD:tidtable.obj
 0001:0000d6b0       _getptd                    000000014000e6b0 f   LIBCMTD:tidtable.obj
 0001:0000d6e0       _freefls                   000000014000e6e0 f   LIBCMTD:tidtable.obj
 0001:0000d8f0       _heap_init                 000000014000e8f0 f   LIBCMTD:heapinit.obj
 0001:0000d960       _FF_MSGBANNER              000000014000e960 f   LIBCMTD:crt0msg.obj
 0001:0000d9b0       _GET_RTERRMSG              000000014000e9b0 f   LIBCMTD:crt0msg.obj
 0001:0000da10       _NMSG_WRITE                000000014000ea10 f   LIBCMTD:crt0msg.obj
 0001:0000de30       _onexit                    000000014000ee30 f   LIBCMTD:onexit.obj
 0001:0000e030       atexit                     000000014000f030 f   LIBCMTD:onexit.obj
 0001:0000e070       __onexitinit               000000014000f070 f   LIBCMTD:onexit.obj
 0001:0000e0e0       _initp_misc_cfltcvt_tab    000000014000f0e0 f   LIBCMTD:cmiscdat.obj
 0001:0000e130       _ValidateImageBase         000000014000f130 f   LIBCMTD:pesect.obj
 0001:0000e1b0       _FindPESection             000000014000f1b0 f   LIBCMTD:pesect.obj
 0001:0000e260       _IsNonwritableInCurrentImage 000000014000f260 f   LIBCMTD:pesect.obj
 0001:0000e2f0       __updatetmbcinfo           000000014000f2f0 f   LIBCMTD:mbctype.obj
 0001:0000e3f0       _setmbcp                   000000014000f3f0 f   LIBCMTD:mbctype.obj
 0001:0000e7e0       _setmbcp_nolock            000000014000f7e0 f   LIBCMTD:mbctype.obj
 0001:0000f220       __initmbctable             0000000140010220 f   LIBCMTD:mbctype.obj
 0001:0000f250       _mtinitlocks               0000000140010250 f   LIBCMTD:mlock.obj
 0001:0000f320       _mtdeletelocks             0000000140010320 f   LIBCMTD:mlock.obj
 0001:0000f440       _mtinitlocknum             0000000140010440 f   LIBCMTD:mlock.obj
 0001:0000f570       _lock                      0000000140010570 f   LIBCMTD:mlock.obj
 0001:0000f5d0       _unlock                    00000001400105d0 f   LIBCMTD:mlock.obj
 0001:0000f600       _initp_eh_hooks            0000000140010600 f   LIBCMTD:hooks.obj
 0001:0000f630       ?terminate@@YAXXZ          0000000140010630 f   LIBCMTD:hooks.obj
 0001:0000f660       ?_inconsistency@@YAXXZ     0000000140010660 f   LIBCMTD:hooks.obj
 0001:0000f690       _initp_misc_rand_s         0000000140010690 f   LIBCMTD:rand_s.obj
 0001:0000f6b0       _initp_misc_purevirt       00000001400106b0 f   LIBCMTD:inithelp.obj
 0001:0000f6d0       _initp_heap_handler        00000001400106d0 f   LIBCMTD:handler.obj
 0001:0000f6f0       _callnewh                  00000001400106f0 f   LIBCMTD:handler.obj
 0001:0000f740       memmove                    0000000140010740     LIBCMTD:memcpy.obj
 0001:0000f740       memcpy                     0000000140010740 f   LIBCMTD:memcpy.obj
 0001:0000fa90       memset                     0000000140010a90 f   LIBCMTD:memset.obj
 0001:0000fb80       _commit                    0000000140010b80 f   LIBCMTD:commit.obj
 0001:0000fde0       _fileno                    0000000140010de0 f   LIBCMTD:fileno.obj
 0001:0000fe90       _write                     0000000140010e90 f   LIBCMTD:write.obj
 0001:00010110       _write_nolock              0000000140011110 f   LIBCMTD:write.obj
 0001:00011240       _woutput_l                 0000000140012240 f   LIBCMTD:woutput.obj
 0001:00012870       _freebuf                   0000000140013870 f   LIBCMTD:_freebuf.obj
 0001:00012930       _fcloseall                 0000000140013930 f   LIBCMTD:closeall.obj
 0001:00012a30       __report_gsfailure         0000000140013a30 f   LIBCMTD:gs_report.obj
 0001:00012b80       _CrtDefaultAllocHook       0000000140013b80 f   LIBCMTD:dbghook.obj
 0001:00012ba0       __crt_debugger_hook        0000000140013ba0 f   LIBCMTD:dbghook.obj
 0001:00012bb0       _flsbuf                    0000000140013bb0 f   LIBCMTD:_flsbuf.obj
 0001:00012f20       _woutput_s_l               0000000140013f20 f   LIBCMTD:woutputs.obj
 0001:00014540       _local_unwind              0000000140015540 f   LIBCMTD:jmpuwind.obj
 0001:00014570       _NLG_Notify                0000000140015570 f   LIBCMTD:jmpuwind.obj
 0001:00014590       __NLG_Dispatch2            0000000140015590 f   LIBCMTD:jmpuwind.obj
 0001:000145a0       __NLG_Return2              00000001400155a0 f   LIBCMTD:jmpuwind.obj
 0001:000145b0       _isatty                    00000001400155b0 f   LIBCMTD:isatty.obj
 0001:000146c0       strlen                     00000001400156c0 f   LIBCMTD:strlen.obj
 0001:00014770       _wctomb_s_l                0000000140015770 f   LIBCMTD:wctomb.obj
 0001:00014c10       wctomb_s                   0000000140015c10 f   LIBCMTD:wctomb.obj
 0001:00014c60       _isleadbyte_l              0000000140015c60 f i LIBCMTD:_wctype.obj
 0001:00014cc0       isleadbyte                 0000000140015cc0 f i LIBCMTD:_wctype.obj
 0001:00014ce0       __addlocaleref             0000000140015ce0 f   LIBCMTD:localref.obj
 0001:00014e30       __removelocaleref          0000000140015e30 f   LIBCMTD:localref.obj
 0001:00014f90       __freetlocinfo             0000000140015f90 f   LIBCMTD:localref.obj
 0001:00015320       _updatetlocinfoEx_nolock   0000000140016320 f   LIBCMTD:localref.obj
 0001:000153c0       __updatetlocinfo           00000001400163c0 f   LIBCMTD:localref.obj
 0001:00015460       _CrtDbgBreak               0000000140016460 f   LIBCMTD:dbgrptt.obj
 0001:00015470       _VCrtDbgReportA            0000000140016470 f   LIBCMTD:dbgrptt.obj
 0001:00015e90       _VCrtDbgReportW            0000000140016e90 f   LIBCMTD:dbgrptt.obj
 0001:00016a20       _snwprintf_s               0000000140017a20 f   LIBCMTD:swprintf.obj
 0001:00016a80       memcpy_s                   0000000140017a80 f   LIBCMTD:memcpy_s.obj
 0001:00016ce0       _alloca_probe              0000000140017ce0     LIBCMTD:chkstk.obj
 0001:00016ce0       __chkstk                   0000000140017ce0 f   LIBCMTD:chkstk.obj
 0001:00016d30       _output_s_l                0000000140017d30 f   LIBCMTD:outputs.obj
 0001:00018710       strcpy_s                   0000000140019710 f   LIBCMTD:strcpy_s.obj
 0001:00018b80       _ismbblead                 0000000140019b80 f   LIBCMTD:ismbbyte.obj
 0001:00018c80       _malloc_base               0000000140019c80 f   LIBCMTD:malloc.obj
 0001:00018d20       _heap_alloc_base           0000000140019d20 f i LIBCMTD:malloc.obj
 0001:00018d90       _CrtDbgReport              0000000140019d90 f   LIBCMTD:dbgrpt.obj
 0001:00018e00       _CrtDbgReportV             0000000140019e00 f i LIBCMTD:dbgrpt.obj
 0001:00018e50       __crtMessageWindowA        0000000140019e50 f   LIBCMTD:dbgrpt.obj
 0001:00019440       _expand_base               000000014001a440 f   LIBCMTD:expand.obj
 0001:00019610       _realloc_base              000000014001a610 f   LIBCMTD:realloc.obj
 0001:00019730       _free_base                 000000014001a730 f   LIBCMTD:free.obj
 0001:00019790       _heapchk                   000000014001a790 f   LIBCMTD:heapchk.obj
 0001:000197d0       sprintf_s                  000000014001a7d0 f   LIBCMTD:sprintf.obj
 0001:00019820       _snprintf_s                000000014001a820 f   LIBCMTD:sprintf.obj
 0001:00019880       _chvalidator_l             000000014001a880 f   LIBCMTD:isctype.obj
 0001:00019970       _isctype_l                 000000014001a970 f   LIBCMTD:isctype.obj
 0001:00019b10       _fptrap                    000000014001ab10 f   LIBCMTD:crt0fp.obj
 0001:00019b30       ?_GetEstablisherFrame@@YAPEA_KPEA_KPEAU_xDISPATCHER_CONTEXT@@PEBU_s_FuncInfo@@0@Z 000000014001ab30 f   LIBCMTD:trnsctrl.obj
 0001:00019cb0       _GetImageBase              000000014001acb0 f   LIBCMTD:trnsctrl.obj
 0001:00019cd0       _GetThrowImageBase         000000014001acd0 f   LIBCMTD:trnsctrl.obj
 0001:00019cf0       _SetImageBase              000000014001acf0 f   LIBCMTD:trnsctrl.obj
 0001:00019d10       _SetThrowImageBase         000000014001ad10 f   LIBCMTD:trnsctrl.obj
 0001:00019dc0       ?__FrameUnwindToEmptyState@@YAXPEA_KPEAU_xDISPATCHER_CONTEXT@@PEBU_s_FuncInfo@@@Z 000000014001adc0 f   LIBCMTD:trnsctrl.obj
 0001:00019e60       __CxxFrameHandler3         000000014001ae60 f   LIBCMTD:trnsctrl.obj
 0001:00019f20       ?__SehTransFilter@@YAHPEAU_EXCEPTION_POINTERS@@PEAUEHExceptionRecord@@PEA_KPEAU_CONTEXT@@PEAU_xDISPATCHER_CONTEXT@@PEBU_s_FuncInfo@@PEAH@Z 000000014001af20 f   LIBCMTD:trnsctrl.obj
 0001:00019fe0       _CallSETranslator          000000014001afe0 f   LIBCMTD:trnsctrl.obj
 0001:0001a060       ?_GetRangeOfTrysToCheck@@YAPEBU_s_TryBlockMapEntry@@PEA_KPEBU_s_FuncInfo@@HHPEAI2PEAU_xDISPATCHER_CONTEXT@@@Z 000000014001b060 f   LIBCMTD:trnsctrl.obj
 0001:0001a280       _CreateFrameInfo           000000014001b280 f   LIBCMTD:trnsctrl.obj
 0001:0001a300       _IsExceptionObjectToBeDestroyed 000000014001b300 f   LIBCMTD:trnsctrl.obj
 0001:0001a360       _FindAndUnlinkFrame        000000014001b360 f   LIBCMTD:trnsctrl.obj
 0001:0001a3f0       _UnwindNestedFrames        000000014001b3f0 f   LIBCMTD:trnsctrl.obj
 0001:0001a530       __crtLCMapStringA          000000014001b530 f   LIBCMTD:a_map.obj
 0001:0001a9e0       _MarkAllocaS               000000014001b9e0 f i LIBCMTD:a_map.obj
 0001:0001aa10       _freea                     000000014001ba10 f i LIBCMTD:a_map.obj
 0001:0001ab00       __crtGetStringTypeA        000000014001bb00 f   LIBCMTD:a_str.obj
 0001:0001ad30       _free_osfhnd               000000014001bd30 f   LIBCMTD:osfinfo.obj
 0001:0001ae60       _get_osfhandle             000000014001be60 f   LIBCMTD:osfinfo.obj
 0001:0001b040       __lock_fhandle             000000014001c040 f   LIBCMTD:osfinfo.obj
 0001:0001b120       _unlock_fhandle            000000014001c120 f   LIBCMTD:osfinfo.obj
 0001:0001b160       _putwch_nolock             000000014001c160 f   LIBCMTD:putwch.obj
 0001:0001b1d0       _mbtowc_l                  000000014001c1d0 f   LIBCMTD:mbtowc.obj
 0001:0001b500       mbtowc                     000000014001c500 f   LIBCMTD:mbtowc.obj
 0001:0001b530       _lseeki64                  000000014001c530 f   LIBCMTD:lseeki64.obj
 0001:0001b7c0       _lseeki64_nolock           000000014001c7c0 f   LIBCMTD:lseeki64.obj
 0001:0001b8f0       _fputwc_nolock             000000014001c8f0 f   LIBCMTD:fputwc.obj
 0001:0001bd60       fclose                     000000014001cd60 f   LIBCMTD:fclose.obj
 0001:0001be60       _fclose_nolock             000000014001ce60 f   LIBCMTD:fclose.obj
 0001:0001bfa0       _getbuf                    000000014001cfa0 f   LIBCMTD:_getbuf.obj
 0001:0001c0b0       __free_lc_time             000000014001d0b0 f   LIBCMTD:inittime.obj
 0001:0001c800       __free_lconv_num           000000014001d800 f   LIBCMTD:initnum.obj
 0001:0001c8e0       __free_lconv_mon           000000014001d8e0 f   LIBCMTD:initmon.obj
 0001:0001caf0       __GSHandlerCheck_SEH       000000014001daf0 f   LIBCMTD:gshandlerseh.obj
 0001:0001cbb0       _mbstowcs_l_helper         000000014001dbb0 f   LIBCMTD:mbstowcs.obj
 0001:0001d0f0       _mbstowcs_s_l              000000014001e0f0 f   LIBCMTD:mbstowcs.obj
 0001:0001d680       mbstowcs_s                 000000014001e680 f   LIBCMTD:mbstowcs.obj
 0001:0001d6d0       strcat_s                   000000014001e6d0 f   LIBCMTD:strcat_s.obj
 0001:0001dcc0       _vsnprintf_helper          000000014001ecc0 f   LIBCMTD:vsnprnc.obj
 0001:0001dfa0       _vsprintf_s_l              000000014001efa0 f   LIBCMTD:vsnprnc.obj
 0001:0001e300       _vsnprintf_s_l             000000014001f300 f   LIBCMTD:vsnprnc.obj
 0001:0001e880       _vsnprintf_s               000000014001f880 f   LIBCMTD:vsnprnc.obj
 0001:0001e8d0       _itoa_s                    000000014001f8d0 f   LIBCMTD:xtoas.obj
 0001:0001eec0       _wcstombs_l_helper         000000014001fec0 f   LIBCMTD:wcstombs.obj
 0001:0001f740       _wcstombs_s_l              0000000140020740 f   LIBCMTD:wcstombs.obj
 0001:0001fc20       wcstombs_s                 0000000140020c20 f   LIBCMTD:wcstombs.obj
 0001:0001fc70       __crtMessageBoxA           0000000140020c70 f   LIBCMTD:crtmbox.obj
 0001:0001ff80       _locterm                   0000000140020f80 f   LIBCMTD:setlocal.obj
 0001:0001ffd0       ?__StateFromIp@@YAHPEBU_s_FuncInfo@@PEAU_xDISPATCHER_CONTEXT@@_J@Z 0000000140020fd0 f   LIBCMTD:ehstate.obj
 0001:000200b0       ?__StateFromControlPc@@YAHPEBU_s_FuncInfo@@PEAU_xDISPATCHER_CONTEXT@@@Z 00000001400210b0 f   LIBCMTD:ehstate.obj
 0001:000200e0       ?__GetCurrentState@@YAHPEA_KPEAU_xDISPATCHER_CONTEXT@@PEBU_s_FuncInfo@@@Z 00000001400210e0 f   LIBCMTD:ehstate.obj
 0001:00020140       ?__SetState@@YAXPEA_KPEAU_xDISPATCHER_CONTEXT@@PEBU_s_FuncInfo@@H@Z 0000000140021140 f   LIBCMTD:ehstate.obj
 0001:00020170       ?__SetUnwindTryBlock@@YAXPEA_KPEAU_xDISPATCHER_CONTEXT@@PEBU_s_FuncInfo@@H@Z 0000000140021170 f   LIBCMTD:ehstate.obj
 0001:000201e0       ?__GetUnwindTryBlock@@YAHPEA_KPEAU_xDISPATCHER_CONTEXT@@PEBU_s_FuncInfo@@@Z 00000001400211e0 f   LIBCMTD:ehstate.obj
 0001:00020230       __InternalCxxFrameHandler  0000000140021230 f   LIBCMTD:frame.obj
 0001:00020de0       ??0bad_exception@std@@QEAA@PEBD@Z 0000000140021de0 f i LIBCMTD:frame.obj
 0001:00020e20       ??1bad_exception@std@@UEAA@XZ 0000000140021e20 f i LIBCMTD:frame.obj
 0001:00020e50       ??_Ebad_exception@std@@UEAAPEAXI@Z 0000000140021e50 f i LIBCMTD:frame.obj
 0001:00020e50       ??_Gbad_exception@std@@UEAAPEAXI@Z 0000000140021e50 f i LIBCMTD:frame.obj
 0001:00020e90       ??0bad_exception@std@@QEAA@AEBV01@@Z 0000000140021e90 f i LIBCMTD:frame.obj
 0001:00021240       __TypeMatch                0000000140022240 f   LIBCMTD:frame.obj
 0001:00021400       __FrameUnwindFilter        0000000140022400 f   LIBCMTD:frame.obj
 0001:00021490       __FrameUnwindToState       0000000140022490 f   LIBCMTD:frame.obj
 0001:000217d0       __CxxCallCatchBlock        00000001400227d0 f   LIBCMTD:frame.obj
 0001:00021b60       __BuildCatchObjectHelper   0000000140022b60 f   LIBCMTD:frame.obj
 0001:00021ee0       __BuildCatchObject         0000000140022ee0 f   LIBCMTD:frame.obj
 0001:00022020       __DestructExceptionObject  0000000140023020 f   LIBCMTD:frame.obj
 0001:000220a0       __AdjustPointer            00000001400230a0 f   LIBCMTD:frame.obj
 0001:000222f0       malloc                     00000001400232f0 f   LIBCMTD:dbgmalloc.obj
 0001:00022330       free                       0000000140023330 f   LIBCMTD:dbgfree.obj
 0001:00022350       __initconout               0000000140023350 f   LIBCMTD:initcon.obj
 0001:000223a0       __termconout               00000001400233a0 f   LIBCMTD:initcon.obj
 0001:000223d0       _flswbuf                   00000001400233d0 f   LIBCMTD:_flswbuf.obj
 0001:00022760       _close                     0000000140023760 f   LIBCMTD:close.obj
 0001:000229c0       _close_nolock              00000001400239c0 f   LIBCMTD:close.obj
 0001:00022ac0       strcmp                     0000000140023ac0 f   LIBCMTD:strcmp.obj
 0001:00022b80       strncmp                    0000000140023b80 f   LIBCMTD:strncmp.obj
 0001:00022c50       memcmp                     0000000140023c50 f   LIBCMTD:memcmp.obj
 0001:00022d20       ?_ValidateRead@@YAHPEBXI@Z 0000000140023d20 f   LIBCMTD:validate.obj
 0001:00022d20       ?_ValidateWrite@@YAHPEAXI@Z 0000000140023d20 f   LIBCMTD:validate.obj
 0001:00022d50       ?_ValidateExecute@@YAHP6A_JXZ@Z 0000000140023d50 f   LIBCMTD:validate.obj
 0001:00022d80       _CxxThrowException         0000000140023d80 f   LIBCMTD:throw.obj
 0001:00022e40       ??1type_info@@UEAA@XZ      0000000140023e40 f   LIBCMTD:typinfo.obj
 0001:00022e70       ??_Etype_info@@UEAAPEAXI@Z 0000000140023e70 f i LIBCMTD:typinfo.obj
 0001:00022e70       ??_Gtype_info@@UEAAPEAXI@Z 0000000140023e70 f i LIBCMTD:typinfo.obj
 0001:00022eb0       ??8type_info@@QEBA_NAEBV0@@Z 0000000140023eb0 f   LIBCMTD:typinfo.obj
 0001:00022f00       ??_Eexception@std@@UEAAPEAXI@Z 0000000140023f00 f i LIBCMTD:stdexcpt.obj
 0001:00022f00       ??_Gexception@std@@UEAAPEAXI@Z 0000000140023f00 f i LIBCMTD:stdexcpt.obj
 0001:00022f40       ??0exception@std@@QEAA@AEBQEBD@Z 0000000140023f40 f   LIBCMTD:stdexcpt.obj
 0001:00022f90       ??0exception@std@@QEAA@AEBV01@@Z 0000000140023f90 f   LIBCMTD:stdexcpt.obj
 0001:00022fe0       ??4exception@std@@QEAAAEAV01@AEBV01@@Z 0000000140023fe0 f   LIBCMTD:stdexcpt.obj
 0001:00023050       ??1exception@std@@UEAA@XZ  0000000140024050 f   LIBCMTD:stdexcpt.obj
 0001:00023080       ?what@exception@std@@UEBAPEBDXZ 0000000140024080 f   LIBCMTD:stdexcpt.obj
 0001:000230c0       ?_Copy_str@exception@std@@AEAAXPEBD@Z 00000001400240c0 f   LIBCMTD:stdexcpt.obj
 0001:00023130       ?_Tidy@exception@std@@AEAAXXZ 0000000140024130 f   LIBCMTD:stdexcpt.obj
 0001:00023170       ??3@YAXPEAX@Z              0000000140024170 f   LIBCMTD:dbgdel.obj
 0001:00023240       _CallSettingFrame          0000000140024240 f   LIBCMTD:handlers.obj
 0001:00023280       _GetNextInstrOffset        0000000140024280 f   LIBCMTD:handlers.obj
 0001:00023290       ?_Type_info_dtor@type_info@@CAXPEAV1@@Z 0000000140024290 f   LIBCMTD:typname.obj
 0001:00023384       RtlVirtualUnwind           0000000140024384 f   kernel32:KERNEL32.dll
 0001:0002338a       RtlLookupFunctionEntry     000000014002438a f   kernel32:KERNEL32.dll
 0001:00023390       RtlUnwindEx                0000000140024390 f   kernel32:KERNEL32.dll
 0001:00023396       RtlPcToFileHeader          0000000140024396 f   kernel32:KERNEL32.dll
 0002:00000000       __imp_FreeEnvironmentStringsW 0000000140025000     kernel32:KERNEL32.dll
 0002:00000008       __imp_CloseHandle          0000000140025008     kernel32:KERNEL32.dll
 0002:00000010       __imp_CreateFileW          0000000140025010     kernel32:KERNEL32.dll
 0002:00000018       __imp_RtlPcToFileHeader    0000000140025018     kernel32:KERNEL32.dll
 0002:00000020       __imp_RaiseException       0000000140025020     kernel32:KERNEL32.dll
 0002:00000028       __imp_SetFilePointer       0000000140025028     kernel32:KERNEL32.dll
 0002:00000030       __imp_SetStdHandle         0000000140025030     kernel32:KERNEL32.dll
 0002:00000038       __imp_GetStringTypeW       0000000140025038     kernel32:KERNEL32.dll
 0002:00000040       __imp_MultiByteToWideChar  0000000140025040     kernel32:KERNEL32.dll
 0002:00000048       __imp_LCMapStringW         0000000140025048     kernel32:KERNEL32.dll
 0002:00000050       __imp_HeapFree             0000000140025050     kernel32:KERNEL32.dll
 0002:00000058       __imp_HeapQueryInformation 0000000140025058     kernel32:KERNEL32.dll
 0002:00000060       __imp_HeapReAlloc          0000000140025060     kernel32:KERNEL32.dll
 0002:00000068       __imp_HeapAlloc            0000000140025068     kernel32:KERNEL32.dll
 0002:00000070       __imp_OutputDebugStringW   0000000140025070     kernel32:KERNEL32.dll
 0002:00000078       __imp_OutputDebugStringA   0000000140025078     kernel32:KERNEL32.dll
 0002:00000080       __imp_GetConsoleMode       0000000140025080     kernel32:KERNEL32.dll
 0002:00000088       __imp_GetModuleFileNameW   0000000140025088     kernel32:KERNEL32.dll
 0002:00000090       __imp_WriteConsoleW        0000000140025090     kernel32:KERNEL32.dll
 0002:00000098       __imp_GetFileType          0000000140025098     kernel32:KERNEL32.dll
 0002:000000a0       __imp_GetStdHandle         00000001400250a0     kernel32:KERNEL32.dll
 0002:000000a8       __imp_GetCommandLineA      00000001400250a8     kernel32:KERNEL32.dll
 0002:000000b0       __imp_DecodePointer        00000001400250b0     kernel32:KERNEL32.dll
 0002:000000b8       __imp_GetProcAddress       00000001400250b8     kernel32:KERNEL32.dll
 0002:000000c0       __imp_GetModuleHandleW     00000001400250c0     kernel32:KERNEL32.dll
 0002:000000c8       __imp_ExitProcess          00000001400250c8     kernel32:KERNEL32.dll
 0002:000000d0       __imp_EncodePointer        00000001400250d0     kernel32:KERNEL32.dll
 0002:000000d8       __imp_GetLastError         00000001400250d8     kernel32:KERNEL32.dll
 0002:000000e0       __imp_LoadLibraryW         00000001400250e0     kernel32:KERNEL32.dll
 0002:000000e8       __imp_EnterCriticalSection 00000001400250e8     kernel32:KERNEL32.dll
 0002:000000f0       __imp_LeaveCriticalSection 00000001400250f0     kernel32:KERNEL32.dll
 0002:000000f8       __imp_TerminateProcess     00000001400250f8     kernel32:KERNEL32.dll
 0002:00000100       __imp_GetCurrentProcess    0000000140025100     kernel32:KERNEL32.dll
 0002:00000108       __imp_UnhandledExceptionFilter 0000000140025108     kernel32:KERNEL32.dll
 0002:00000110       __imp_SetUnhandledExceptionFilter 0000000140025110     kernel32:KERNEL32.dll
 0002:00000118       __imp_IsDebuggerPresent    0000000140025118     kernel32:KERNEL32.dll
 0002:00000120       __imp_RtlVirtualUnwind     0000000140025120     kernel32:KERNEL32.dll
 0002:00000128       __imp_RtlLookupFunctionEntry 0000000140025128     kernel32:KERNEL32.dll
 0002:00000130       __imp_RtlCaptureContext    0000000140025130     kernel32:KERNEL32.dll
 0002:00000138       __imp_RtlUnwindEx          0000000140025138     kernel32:KERNEL32.dll
 0002:00000140       __imp_QueryPerformanceCounter 0000000140025140     kernel32:KERNEL32.dll
 0002:00000148       __imp_GetTickCount         0000000140025148     kernel32:KERNEL32.dll
 0002:00000150       __imp_GetCurrentThreadId   0000000140025150     kernel32:KERNEL32.dll
 0002:00000158       __imp_GetCurrentProcessId  0000000140025158     kernel32:KERNEL32.dll
 0002:00000160       __imp_GetSystemTimeAsFileTime 0000000140025160     kernel32:KERNEL32.dll
 0002:00000168       __imp_GetModuleFileNameA   0000000140025168     kernel32:KERNEL32.dll
 0002:00000170       __imp_WideCharToMultiByte  0000000140025170     kernel32:KERNEL32.dll
 0002:00000178       __imp_GetEnvironmentStringsW 0000000140025178     kernel32:KERNEL32.dll
 0002:00000180       __imp_SetHandleCount       0000000140025180     kernel32:KERNEL32.dll
 0002:00000188       __imp_InitializeCriticalSectionAndSpinCount 0000000140025188     kernel32:KERNEL32.dll
 0002:00000190       __imp_GetStartupInfoW      0000000140025190     kernel32:KERNEL32.dll
 0002:00000198       __imp_DeleteCriticalSection 0000000140025198     kernel32:KERNEL32.dll
 0002:000001a0       __imp_HeapSize             00000001400251a0     kernel32:KERNEL32.dll
 0002:000001a8       __imp_HeapValidate         00000001400251a8     kernel32:KERNEL32.dll
 0002:000001b0       __imp_IsBadReadPtr         00000001400251b0     kernel32:KERNEL32.dll
 0002:000001b8       __imp_FlsGetValue          00000001400251b8     kernel32:KERNEL32.dll
 0002:000001c0       __imp_FlsSetValue          00000001400251c0     kernel32:KERNEL32.dll
 0002:000001c8       __imp_FlsAlloc             00000001400251c8     kernel32:KERNEL32.dll
 0002:000001d0       __imp_FlsFree              00000001400251d0     kernel32:KERNEL32.dll
 0002:000001d8       __imp_SetLastError         00000001400251d8     kernel32:KERNEL32.dll
 0002:000001e0       __imp_HeapSetInformation   00000001400251e0     kernel32:KERNEL32.dll
 0002:000001e8       __imp_GetVersion           00000001400251e8     kernel32:KERNEL32.dll
 0002:000001f0       __imp_HeapCreate           00000001400251f0     kernel32:KERNEL32.dll
 0002:000001f8       __imp_WriteFile            00000001400251f8     kernel32:KERNEL32.dll
 0002:00000200       __imp_GetACP               0000000140025200     kernel32:KERNEL32.dll
 0002:00000208       __imp_GetOEMCP             0000000140025208     kernel32:KERNEL32.dll
 0002:00000210       __imp_GetCPInfo            0000000140025210     kernel32:KERNEL32.dll
 0002:00000218       __imp_IsValidCodePage      0000000140025218     kernel32:KERNEL32.dll
 0002:00000220       __imp_FlushFileBuffers     0000000140025220     kernel32:KERNEL32.dll
 0002:00000228       __imp_GetConsoleCP         0000000140025228     kernel32:KERNEL32.dll
 0002:00000230       \177KERNEL32_NULL_THUNK_DATA 0000000140025230     kernel32:KERNEL32.dll
 0002:00000238       __imp_SDL_SetHint          0000000140025238     SDL2:SDL2.dll
 0002:00000240       __imp_SDL_RenderPresent    0000000140025240     SDL2:SDL2.dll
 0002:00000248       __imp_SDL_RenderClear      0000000140025248     SDL2:SDL2.dll
 0002:00000250       __imp_SDL_SetRenderDrawColor 0000000140025250     SDL2:SDL2.dll
 0002:00000258       __imp_SDL_DestroyRenderer  0000000140025258     SDL2:SDL2.dll
 0002:00000260       __imp_SDL_DestroyWindow    0000000140025260     SDL2:SDL2.dll
 0002:00000268       __imp_SDL_Quit             0000000140025268     SDL2:SDL2.dll
 0002:00000270       __imp_SDL_Init             0000000140025270     SDL2:SDL2.dll
 0002:00000278       __imp_SDL_GetError         0000000140025278     SDL2:SDL2.dll
 0002:00000280       __imp_SDL_PollEvent        0000000140025280     SDL2:SDL2.dll
 0002:00000288       __imp_SDL_CreateWindow     0000000140025288     SDL2:SDL2.dll
 0002:00000290       __imp_SDL_CreateRenderer   0000000140025290     SDL2:SDL2.dll
 0002:00000298       __imp_SDL_RenderSetLogicalSize 0000000140025298     SDL2:SDL2.dll
 0002:000002a0       __imp_SDL_GetKeyboardState 00000001400252a0     SDL2:SDL2.dll
 0002:000002a8       __imp_SDL_SetRenderDrawBlendMode 00000001400252a8     SDL2:SDL2.dll
 0002:000002b0       __imp_SDL_RenderDrawLine   00000001400252b0     SDL2:SDL2.dll
 0002:000002b8       \177SDL2_NULL_THUNK_DATA   00000001400252b8     SDL2:SDL2.dll
 0002:000002c0       __imp_IMG_Init             00000001400252c0     SDL2_image:SDL2_image.dll
 0002:000002c8       \177SDL2_image_NULL_THUNK_DATA 00000001400252c8     SDL2_image:SDL2_image.dll
 0002:000002d0       __imp_Mix_OpenAudio        00000001400252d0     SDL2_mixer:SDL2_mixer.dll
 0002:000002d8       \177SDL2_mixer_NULL_THUNK_DATA 00000001400252d8     SDL2_mixer:SDL2_mixer.dll
 0002:000002e0       __xc_a                     00000001400252e0     LIBCMTD:crt0init.obj
 0002:000002f0       __xc_z                     00000001400252f0     LIBCMTD:crt0init.obj
 0002:000002f8       __xi_a                     00000001400252f8     LIBCMTD:crt0init.obj
 0002:00000320       __xi_z                     0000000140025320     LIBCMTD:crt0init.obj
 0002:00000328       __xp_a                     0000000140025328     LIBCMTD:crt0init.obj
 0002:00000348       __xp_z                     0000000140025348     LIBCMTD:crt0init.obj
 0002:00000350       __xt_a                     0000000140025350     LIBCMTD:crt0init.obj
 0002:00000358       __xt_z                     0000000140025358     LIBCMTD:crt0init.obj
 0002:00000560       ??_C@_15IABLJNFO@?$AA?6?$AA?6?$AA?$AA@ 0000000140025560     LIBCMTD:wassert.obj
 0002:00000568       ??_C@_13LBAGMAIH@?$AA?6?$AA?$AA@ 0000000140025568     LIBCMTD:wassert.obj
 0002:00000570       ??_C@_17LGKOMLJ@?$AA?4?$AA?4?$AA?4?$AA?$AA@ 0000000140025570     LIBCMTD:wassert.obj
 0002:00000580       ??_C@_1EK@MBDPDCGA@?$AAM?$AAi?$AAc?$AAr?$AAo?$AAs?$AAo?$AAf?$AAt?$AA?5?$AAV?$AAi?$AAs?$AAu?$AAa?$AAl?$AA?5?$AAC?$AA?$CL?$AA?$CL?$AA?5?$AAR?$AAu?$AAn?$AAt?$AAi?$AAm?$AAe?$AA?5?$AAL?$AAi?$AAb@ 0000000140025580     LIBCMTD:wassert.obj
 0002:000005d0       ??_C@_1LO@HBAMOOPN@?$AAw?$AAc?$AAs?$AAc?$AAa?$AAt?$AA_?$AAs?$AA?$CI?$AAa?$AAs?$AAs?$AAe?$AAr?$AAt?$AAb?$AAu?$AAf?$AA?0?$AA?5?$AA?$CI?$AA6?$AA0?$AA?5?$AA?$CK?$AA?5?$AA9?$AA?$CJ?$AA?0?$AA?5?$AAL?$AA?$CC@ 00000001400255d0     LIBCMTD:wassert.obj
 0002:00000690       ??_C@_1HK@POCJMFGK@?$AA?$CI?$AAP?$AAr?$AAe?$AAs?$AAs?$AA?5?$AAR?$AAe?$AAt?$AAr?$AAy?$AA?5?$AAt?$AAo?$AA?5?$AAd?$AAe?$AAb?$AAu?$AAg?$AA?5?$AAt?$AAh?$AAe?$AA?5?$AAa?$AAp?$AAp?$AAl?$AAi?$AAc@ 0000000140025690     LIBCMTD:wassert.obj
 0002:00000710       ??_C@_1FG@GMPCGFKH@?$AAw?$AAc?$AAs?$AAc?$AAa?$AAt?$AA_?$AAs?$AA?$CI?$AAa?$AAs?$AAs?$AAe?$AAr?$AAt?$AAb?$AAu?$AAf?$AA?0?$AA?5?$AA?$CI?$AA6?$AA0?$AA?5?$AA?$CK?$AA?5?$AA9?$AA?$CJ?$AA?0?$AA?5?$AAd?$AAb@ 0000000140025710     LIBCMTD:wassert.obj
 0002:00000770       ??_C@_1BCO@FMFFDPPF@?$AAw?$AAc?$AAs?$AAc?$AAa?$AAt?$AA_?$AAs?$AA?$CI?$AAa?$AAs?$AAs?$AAe?$AAr?$AAt?$AAb?$AAu?$AAf?$AA?0?$AA?5?$AA?$CI?$AA6?$AA0?$AA?5?$AA?$CK?$AA?5?$AA9?$AA?$CJ?$AA?0?$AA?5?$AAL?$AA?$CC@ 0000000140025770     LIBCMTD:wassert.obj
 0002:000008a0       ??_C@_1OA@EGMLFBHJ@?$AAF?$AAo?$AAr?$AA?5?$AAi?$AAn?$AAf?$AAo?$AAr?$AAm?$AAa?$AAt?$AAi?$AAo?$AAn?$AA?5?$AAo?$AAn?$AA?5?$AAh?$AAo?$AAw?$AA?5?$AAy?$AAo?$AAu?$AAr?$AA?5?$AAp?$AAr?$AAo?$AAg@ 00000001400258a0     LIBCMTD:wassert.obj
 0002:00000980       ??_C@_1EM@MBEKCGIC@?$AAw?$AAc?$AAs?$AAc?$AAa?$AAt?$AA_?$AAs?$AA?$CI?$AA?5?$AAa?$AAs?$AAs?$AAe?$AAr?$AAt?$AAb?$AAu?$AAf?$AA?0?$AA?5?$AA?$CI?$AA6?$AA0?$AA?5?$AA?$CK?$AA?5?$AA9?$AA?$CJ?$AA?0?$AA?5?$AAe@ 0000000140025980     LIBCMTD:wassert.obj
 0002:000009d0       ??_C@_1CHM@CEIMNDLH@?$AAw?$AAc?$AAs?$AAn?$AAc?$AAa?$AAt?$AA_?$AAs?$AA?$CI?$AA?5?$AAa?$AAs?$AAs?$AAe?$AAr?$AAt?$AAb?$AAu?$AAf?$AA?0?$AA?5?$AA?$CI?$AA6?$AA0?$AA?5?$AA?$CK?$AA?5?$AA9?$AA?$CJ?$AA?0?$AA?5@ 00000001400259d0     LIBCMTD:wassert.obj
 0002:00000c50       ??_C@_1GC@HOBBPFHJ@?$AAw?$AAc?$AAs?$AAc?$AAa?$AAt?$AA_?$AAs?$AA?$CI?$AA?5?$AAa?$AAs?$AAs?$AAe?$AAr?$AAt?$AAb?$AAu?$AAf?$AA?0?$AA?5?$AA?$CI?$AA6?$AA0?$AA?5?$AA?$CK?$AA?5?$AA9?$AA?$CJ?$AA?0?$AA?5?$AAL@ 0000000140025c50     LIBCMTD:wassert.obj
 0002:00000cb8       ??_C@_1BK@PEDCIPMA@?$AAE?$AAx?$AAp?$AAr?$AAe?$AAs?$AAs?$AAi?$AAo?$AAn?$AA?3?$AA?5?$AA?$AA@ 0000000140025cb8     LIBCMTD:wassert.obj
 0002:00000ce0       ??_C@_1KG@CFEIMPNH@?$AA_?$AAi?$AAt?$AAo?$AAw?$AA_?$AAs?$AA?$CI?$AA?5?$AAl?$AAi?$AAn?$AAe?$AAn?$AAo?$AA?0?$AA?5?$AAa?$AAs?$AAs?$AAe?$AAr?$AAt?$AAb?$AAu?$AAf?$AA?5?$AA?$CL?$AA?5?$AAw?$AAc?$AAs@ 0000000140025ce0     LIBCMTD:wassert.obj
 0002:00000d90       ??_C@_1FG@NHDGJLMI@?$AAw?$AAc?$AAs?$AAc?$AAa?$AAt?$AA_?$AAs?$AA?$CI?$AA?5?$AAa?$AAs?$AAs?$AAe?$AAr?$AAt?$AAb?$AAu?$AAf?$AA?0?$AA?5?$AA?$CI?$AA6?$AA0?$AA?5?$AA?$CK?$AA?5?$AA9?$AA?$CJ?$AA?0?$AA?5?$AAL@ 0000000140025d90     LIBCMTD:wassert.obj
 0002:00000de8       ??_C@_1O@KCAFKHJE@?$AAL?$AAi?$AAn?$AAe?$AA?3?$AA?5?$AA?$AA@ 0000000140025de8     LIBCMTD:wassert.obj
 0002:00000e00       ??_C@_1FE@IIFBBPFI@?$AAw?$AAc?$AAs?$AAc?$AAa?$AAt?$AA_?$AAs?$AA?$CI?$AA?5?$AAa?$AAs?$AAs?$AAe?$AAr?$AAt?$AAb?$AAu?$AAf?$AA?0?$AA?5?$AA?$CI?$AA6?$AA0?$AA?5?$AA?$CK?$AA?5?$AA9?$AA?$CJ?$AA?0?$AA?5?$AAf@ 0000000140025e00     LIBCMTD:wassert.obj
 0002:00000e60       ??_C@_1IC@CFFJBMAD@?$AAw?$AAc?$AAs?$AAc?$AAa?$AAt?$AA_?$AAs?$AA?$CI?$AA?5?$AAa?$AAs?$AAs?$AAe?$AAr?$AAt?$AAb?$AAu?$AAf?$AA?0?$AA?5?$AA?$CI?$AA6?$AA0?$AA?5?$AA?$CK?$AA?5?$AA9?$AA?$CJ?$AA?0?$AA?5?$AAp@ 0000000140025e60     LIBCMTD:wassert.obj
 0002:00000ef0       ??_C@_1HG@OJJMBIKO@?$AAw?$AAc?$AAs?$AAn?$AAc?$AAa?$AAt?$AA_?$AAs?$AA?$CI?$AA?5?$AAa?$AAs?$AAs?$AAe?$AAr?$AAt?$AAb?$AAu?$AAf?$AA?0?$AA?5?$AA?$CI?$AA6?$AA0?$AA?5?$AA?$CK?$AA?5?$AA9?$AA?$CJ?$AA?0?$AA?5@ 0000000140025ef0     LIBCMTD:wassert.obj
 0002:00000f70       ??_C@_1GO@BIHLMMND@?$AAw?$AAc?$AAs?$AAn?$AAc?$AAa?$AAt?$AA_?$AAs?$AA?$CI?$AA?5?$AAa?$AAs?$AAs?$AAe?$AAr?$AAt?$AAb?$AAu?$AAf?$AA?0?$AA?5?$AA?$CI?$AA6?$AA0?$AA?5?$AA?$CK?$AA?5?$AA9?$AA?$CJ?$AA?0?$AA?5@ 0000000140025f70     LIBCMTD:wassert.obj
 0002:00000fe0       ??_C@_1FO@IJLLDBEB@?$AAw?$AAc?$AAs?$AAc?$AAa?$AAt?$AA_?$AAs?$AA?$CI?$AA?5?$AAa?$AAs?$AAs?$AAe?$AAr?$AAt?$AAb?$AAu?$AAf?$AA?0?$AA?5?$AA?$CI?$AA6?$AA0?$AA?5?$AA?$CK?$AA?5?$AA9?$AA?$CJ?$AA?0?$AA?5?$AAp@ 0000000140025fe0     LIBCMTD:wassert.obj
 0002:00001040       ??_C@_1FG@CLEECKIJ@?$AAw?$AAc?$AAs?$AAc?$AAa?$AAt?$AA_?$AAs?$AA?$CI?$AA?5?$AAa?$AAs?$AAs?$AAe?$AAr?$AAt?$AAb?$AAu?$AAf?$AA?0?$AA?5?$AA?$CI?$AA6?$AA0?$AA?5?$AA?$CK?$AA?5?$AA9?$AA?$CJ?$AA?0?$AA?5?$AAd@ 0000000140026040     LIBCMTD:wassert.obj
 0002:000010a0       ??_C@_1GG@PMHOPJKA@?$AAw?$AAc?$AAs?$AAn?$AAc?$AAa?$AAt?$AA_?$AAs?$AA?$CI?$AA?5?$AAa?$AAs?$AAs?$AAe?$AAr?$AAt?$AAb?$AAu?$AAf?$AA?0?$AA?5?$AA?$CI?$AA6?$AA0?$AA?5?$AA?$CK?$AA?5?$AA9?$AA?$CJ?$AA?0?$AA?5@ 00000001400260a0     LIBCMTD:wassert.obj
 0002:00001110       ??_C@_1FG@HIDBOJF@?$AAw?$AAc?$AAs?$AAc?$AAa?$AAt?$AA_?$AAs?$AA?$CI?$AA?5?$AAa?$AAs?$AAs?$AAe?$AAr?$AAt?$AAb?$AAu?$AAf?$AA?0?$AA?5?$AA?$CI?$AA6?$AA0?$AA?5?$AA?$CK?$AA?5?$AA9?$AA?$CJ?$AA?0?$AA?5?$AAL@ 0000000140026110     LIBCMTD:wassert.obj
 0002:00001168       ??_C@_1O@HEMHKNDC@?$AAF?$AAi?$AAl?$AAe?$AA?3?$AA?5?$AA?$AA@ 0000000140026168     LIBCMTD:wassert.obj
 0002:00001180       ??_C@_1FC@FFKGGIKO@?$AAw?$AAc?$AAs?$AAc?$AAa?$AAt?$AA_?$AAs?$AA?$CI?$AA?5?$AAa?$AAs?$AAs?$AAe?$AAr?$AAt?$AAb?$AAu?$AAf?$AA?0?$AA?5?$AA?$CI?$AA6?$AA0?$AA?5?$AA?$CK?$AA?5?$AA9?$AA?$CJ?$AA?0?$AA?5?$AAn@ 0000000140026180     LIBCMTD:wassert.obj
 0002:000011e0       ??_C@_1EK@BDNABPEK@?$AAw?$AAc?$AAs?$AAc?$AAa?$AAt?$AA_?$AAs?$AA?$CI?$AA?5?$AAa?$AAs?$AAs?$AAe?$AAr?$AAt?$AAb?$AAu?$AAf?$AA?0?$AA?5?$AA?$CI?$AA6?$AA0?$AA?5?$AA?$CK?$AA?5?$AA9?$AA?$CJ?$AA?0?$AA?5?$AAp@ 00000001400261e0     LIBCMTD:wassert.obj
 0002:00001230       ??_C@_1HK@JKBDGMGN@?$AAw?$AAc?$AAs?$AAn?$AAc?$AAp?$AAy?$AA_?$AAs?$AA?$CI?$AA?5?$AAp?$AAc?$AAh?$AA?0?$AA?5?$AA?$CI?$AA2?$AA6?$AA0?$AA?5?$AA?$CL?$AA?5?$AA1?$AA?$CJ?$AA?5?$AA?9?$AA?5?$AA?$CI?$AAp?$AAc?$AAh@ 0000000140026230     LIBCMTD:wassert.obj
 0002:000012b0       ??_C@_1HA@EPFCONEE@?$AAw?$AAc?$AAs?$AAc?$AAp?$AAy?$AA_?$AAs?$AA?$CI?$AA?5?$AAp?$AAr?$AAo?$AAg?$AAn?$AAa?$AAm?$AAe?$AA?0?$AA?5?$AA2?$AA6?$AA0?$AA?5?$AA?$CL?$AA?5?$AA1?$AA?0?$AA?5?$AAL?$AA?$CC?$AA?$DM@ 00000001400262b0     LIBCMTD:wassert.obj
 0002:00001320       ??_C@_1CO@EAEJAADC@?$AA?$DM?$AAp?$AAr?$AAo?$AAg?$AAr?$AAa?$AAm?$AA?5?$AAn?$AAa?$AAm?$AAe?$AA?5?$AAu?$AAn?$AAk?$AAn?$AAo?$AAw?$AAn?$AA?$DO?$AA?$AA@ 0000000140026320     LIBCMTD:wassert.obj
 0002:00001350       ??_C@_1FM@LKICECBD@?$AAw?$AAc?$AAs?$AAc?$AAa?$AAt?$AA_?$AAs?$AA?$CI?$AA?5?$AAa?$AAs?$AAs?$AAe?$AAr?$AAt?$AAb?$AAu?$AAf?$AA?0?$AA?5?$AA?$CI?$AA6?$AA0?$AA?5?$AA?$CK?$AA?5?$AA9?$AA?$CJ?$AA?0?$AA?5?$AAL@ 0000000140026350     LIBCMTD:wassert.obj
 0002:000013b0       ??_C@_1BE@PHKBBGE@?$AAP?$AAr?$AAo?$AAg?$AAr?$AAa?$AAm?$AA?3?$AA?5?$AA?$AA@ 00000001400263b0     LIBCMTD:wassert.obj
 0002:000013d0       ??_C@_1FI@JIGMFG@?$AAw?$AAc?$AAs?$AAc?$AAa?$AAt?$AA_?$AAs?$AA?$CI?$AA?5?$AAa?$AAs?$AAs?$AAe?$AAr?$AAt?$AAb?$AAu?$AAf?$AA?0?$AA?5?$AA?$CI?$AA6?$AA0?$AA?5?$AA?$CK?$AA?5?$AA9?$AA?$CJ?$AA?0?$AA?5?$AAd@ 00000001400263d0     LIBCMTD:wassert.obj
 0002:00001430       ??_C@_1GM@EFCJNBAA@?$AAw?$AAc?$AAs?$AAc?$AAp?$AAy?$AA_?$AAs?$AA?$CI?$AA?5?$AAa?$AAs?$AAs?$AAe?$AAr?$AAt?$AAb?$AAu?$AAf?$AA?0?$AA?5?$AA?$CI?$AA6?$AA0?$AA?5?$AA?$CK?$AA?5?$AA9?$AA?$CJ?$AA?0?$AA?5?$AAL@ 0000000140026430     LIBCMTD:wassert.obj
 0002:000014a0       ??_C@_1BC@LNOOMFNA@?$AA_?$AAw?$AAa?$AAs?$AAs?$AAe?$AAr?$AAt?$AA?$AA@ 00000001400264a0     LIBCMTD:wassert.obj
 0002:000014c0       ??_C@_1GK@EAMFLNLB@?$AAf?$AA?3?$AA?2?$AAd?$AAd?$AA?2?$AAv?$AAc?$AAt?$AAo?$AAo?$AAl?$AAs?$AA?2?$AAc?$AAr?$AAt?$AA_?$AAb?$AAl?$AAd?$AA?2?$AAs?$AAe?$AAl?$AAf?$AA_?$AA6?$AA4?$AA_?$AAa?$AAm@ 00000001400264c0     LIBCMTD:wassert.obj
 0002:00001530       ??_C@_1CE@OJBNHDMO@?$AAA?$AAs?$AAs?$AAe?$AAr?$AAt?$AAi?$AAo?$AAn?$AA?5?$AAf?$AAa?$AAi?$AAl?$AAe?$AAd?$AA?$CB?$AA?$AA@ 0000000140026530     LIBCMTD:wassert.obj
 0002:00001558       ??_C@_1O@GKDHFACN@?$AAp?$AAr?$AAi?$AAn?$AAt?$AAf?$AA?$AA@ 0000000140026558     LIBCMTD:printf.obj
 0002:00001570       ??_C@_1GK@NJMLMCDB@?$AAf?$AA?3?$AA?2?$AAd?$AAd?$AA?2?$AAv?$AAc?$AAt?$AAo?$AAo?$AAl?$AAs?$AA?2?$AAc?$AAr?$AAt?$AA_?$AAb?$AAl?$AAd?$AA?2?$AAs?$AAe?$AAl?$AAf?$AA_?$AA6?$AA4?$AA_?$AAa?$AAm@ 0000000140026570     LIBCMTD:printf.obj
 0002:000015e0       ??_C@_1CC@MGIEJOME@?$AA?$CI?$AAf?$AAo?$AAr?$AAm?$AAa?$AAt?$AA?5?$AA?$CB?$AA?$DN?$AA?5?$AAN?$AAU?$AAL?$AAL?$AA?$CJ?$AA?$AA@ 00000001400265e0     LIBCMTD:printf.obj
 0002:00001608       ??_C@_0P@MIGLKIOC@CorExitProcess?$AA@ 0000000140026608     LIBCMTD:crt0dat.obj
 0002:00001618       ??_C@_1BI@BGOHAHKC@?$AAm?$AAs?$AAc?$AAo?$AAr?$AAe?$AAe?$AA?4?$AAd?$AAl?$AAl?$AA?$AA@ 0000000140026618     LIBCMTD:crt0dat.obj
 0002:00001630       ??_C@_1GK@GNJJJBGC@?$AAf?$AA?3?$AA?2?$AAd?$AAd?$AA?2?$AAv?$AAc?$AAt?$AAo?$AAo?$AAl?$AAs?$AA?2?$AAc?$AAr?$AAt?$AA_?$AAb?$AAl?$AAd?$AA?2?$AAs?$AAe?$AAl?$AAf?$AA_?$AA6?$AA4?$AA_?$AAa?$AAm@ 0000000140026630     LIBCMTD:winsig.obj
 0002:000016a0       ??_C@_1DO@MLNEDKGB@?$AA?$CI?$AA?$CC?$AAI?$AAn?$AAv?$AAa?$AAl?$AAi?$AAd?$AA?5?$AAs?$AAi?$AAg?$AAn?$AAa?$AAl?$AA?5?$AAo?$AAr?$AA?5?$AAe?$AAr?$AAr?$AAo?$AAr?$AA?$CC?$AA?0?$AA?5?$AA0?$AA?$CJ?$AA?$AA@ 00000001400266a0     LIBCMTD:winsig.obj
 0002:000016e0       ??_C@_1M@DMJEIKHL@?$AAr?$AAa?$AAi?$AAs?$AAe?$AA?$AA@ 00000001400266e0     LIBCMTD:winsig.obj
 0002:000016f0       ??_C@_0BI@DFKBFLJE@GetProcessWindowStation?$AA@ 00000001400266f0     LIBCMTD:crtmboxw.obj
 0002:00001708       ??_C@_0BK@DEKFELLI@GetUserObjectInformationW?$AA@ 0000000140026708     LIBCMTD:crtmboxw.obj
 0002:00001728       ??_C@_0BD@HHGDFDBJ@GetLastActivePopup?$AA@ 0000000140026728     LIBCMTD:crtmboxw.obj
 0002:00001740       ??_C@_0BA@HNOPNCHB@GetActiveWindow?$AA@ 0000000140026740     LIBCMTD:crtmboxw.obj
 0002:00001750       ??_C@_0M@DLDCCGNP@MessageBoxW?$AA@ 0000000140026750     LIBCMTD:crtmboxw.obj
 0002:00001760       ??_C@_1BG@GOEBHBDC@?$AAU?$AAS?$AAE?$AAR?$AA3?$AA2?$AA?4?$AAD?$AAL?$AAL?$AA?$AA@ 0000000140026760     LIBCMTD:crtmboxw.obj
 0002:00001778       ??_C@_1CM@HABGDNLJ@?$AAl?$AAe?$AAn?$AAg?$AAt?$AAh?$AA?5?$AA?$DM?$AA?5?$AAs?$AAi?$AAz?$AAe?$AAI?$AAn?$AAT?$AAC?$AAh?$AAa?$AAr?$AAs?$AA?$AA@ 0000000140026778     LIBCMTD:xtows.obj
 0002:000017a8       ??_C@_1DE@PCJGDBBD@?$AA2?$AA?5?$AA?$DM?$AA?$DN?$AA?5?$AAr?$AAa?$AAd?$AAi?$AAx?$AA?5?$AA?$CG?$AA?$CG?$AA?5?$AAr?$AAa?$AAd?$AAi?$AAx?$AA?5?$AA?$DM?$AA?$DN?$AA?5?$AA3?$AA6?$AA?$AA@ 00000001400267a8     LIBCMTD:xtows.obj
 0002:000017e0       ??_C@_1FA@MKGGAGEI@?$AAs?$AAi?$AAz?$AAe?$AAI?$AAn?$AAT?$AAC?$AAh?$AAa?$AAr?$AAs?$AA?5?$AA?$DO?$AA?5?$AA?$CI?$AAs?$AAi?$AAz?$AAe?$AA_?$AAt?$AA?$CJ?$AA?$CI?$AAi?$AAs?$AA_?$AAn?$AAe?$AAg?$AA?5?$AA?$DP@ 00000001400267e0     LIBCMTD:xtows.obj
 0002:00001830       ??_C@_1CC@JNJFIMGE@?$AAs?$AAi?$AAz?$AAe?$AAI?$AAn?$AAT?$AAC?$AAh?$AAa?$AAr?$AAs?$AA?5?$AA?$DO?$AA?5?$AA0?$AA?$AA@ 0000000140026830     LIBCMTD:xtows.obj
 0002:00001858       ??_C@_1O@NCBFODOE@?$AAx?$AAt?$AAo?$AAw?$AA_?$AAs?$AA?$AA@ 0000000140026858     LIBCMTD:xtows.obj
 0002:00001870       ??_C@_1GG@LKIPKMBN@?$AAf?$AA?3?$AA?2?$AAd?$AAd?$AA?2?$AAv?$AAc?$AAt?$AAo?$AAo?$AAl?$AAs?$AA?2?$AAc?$AAr?$AAt?$AA_?$AAb?$AAl?$AAd?$AA?2?$AAs?$AAe?$AAl?$AAf?$AA_?$AA6?$AA4?$AA_?$AAa?$AAm@ 0000000140026870     LIBCMTD:xtows.obj
 0002:000018d8       ??_C@_1BI@ICGGMGLK@?$AAb?$AAu?$AAf?$AA?5?$AA?$CB?$AA?$DN?$AA?5?$AAN?$AAU?$AAL?$AAL?$AA?$AA@ 00000001400268d8     LIBCMTD:xtows.obj
 0002:000018f0       ??_C@_1DM@MADKGDLO@?$AA?$CI?$AAL?$AA?$CC?$AAB?$AAu?$AAf?$AAf?$AAe?$AAr?$AA?5?$AAi?$AAs?$AA?5?$AAt?$AAo?$AAo?$AA?5?$AAs?$AAm?$AAa?$AAl?$AAl?$AA?$CC?$AA?5?$AA?$CG?$AA?$CG?$AA?5?$AA0?$AA?$CJ?$AA?$AA@ 00000001400268f0     LIBCMTD:wcsncat_s.obj
 0002:00001930       ??_C@_1CI@HCPHDDLE@?$AAB?$AAu?$AAf?$AAf?$AAe?$AAr?$AA?5?$AAi?$AAs?$AA?5?$AAt?$AAo?$AAo?$AA?5?$AAs?$AAm?$AAa?$AAl?$AAl?$AA?$AA@ 0000000140026930     LIBCMTD:wcsncat_s.obj
 0002:00001960       ??_C@_1FA@MJKDNFFB@?$AA?$CI?$AAL?$AA?$CC?$AAS?$AAt?$AAr?$AAi?$AAn?$AAg?$AA?5?$AAi?$AAs?$AA?5?$AAn?$AAo?$AAt?$AA?5?$AAn?$AAu?$AAl?$AAl?$AA?5?$AAt?$AAe?$AAr?$AAm?$AAi?$AAn?$AAa?$AAt?$AAe?$AAd@ 0000000140026960     LIBCMTD:wcsncat_s.obj
 0002:000019b0       ??_C@_1DM@FHLMIEG@?$AAS?$AAt?$AAr?$AAi?$AAn?$AAg?$AA?5?$AAi?$AAs?$AA?5?$AAn?$AAo?$AAt?$AA?5?$AAn?$AAu?$AAl?$AAl?$AA?5?$AAt?$AAe?$AAr?$AAm?$AAi?$AAn?$AAa?$AAt?$AAe?$AAd?$AA?$AA@ 00000001400269b0     LIBCMTD:wcsncat_s.obj
 0002:000019f0       ??_C@_1CG@OFBJMIGJ@?$AA?$CI?$AA?$CI?$AA?$CI?$AA_?$AAS?$AAr?$AAc?$AA?$CJ?$AA?$CJ?$AA?$CJ?$AA?5?$AA?$CB?$AA?$DN?$AA?5?$AAN?$AAU?$AAL?$AAL?$AA?$AA@ 00000001400269f0     LIBCMTD:wcsncat_s.obj
 0002:00001a18       ??_C@_1BE@KPKIKKCF@?$AAw?$AAc?$AAs?$AAn?$AAc?$AAa?$AAt?$AA_?$AAs?$AA?$AA@ 0000000140026a18     LIBCMTD:wcsncat_s.obj
 0002:00001a30       ??_C@_1HE@OENNAEEN@?$AAf?$AA?3?$AA?2?$AAd?$AAd?$AA?2?$AAv?$AAc?$AAt?$AAo?$AAo?$AAl?$AAs?$AA?2?$AAc?$AAr?$AAt?$AA_?$AAb?$AAl?$AAd?$AA?2?$AAs?$AAe?$AAl?$AAf?$AA_?$AA6?$AA4?$AA_?$AAa?$AAm@ 0000000140026a30     LIBCMTD:wcsncat_s.obj
 0002:00001ab0       ??_C@_1FC@PFMLEHKI@?$AA?$CI?$AA?$CI?$AA_?$AAD?$AAs?$AAt?$AA?$CJ?$AA?$CJ?$AA?5?$AA?$CB?$AA?$DN?$AA?5?$AAN?$AAU?$AAL?$AAL?$AA?5?$AA?$CG?$AA?$CG?$AA?5?$AA?$CI?$AA?$CI?$AA_?$AAS?$AAi?$AAz?$AAe?$AAI?$AAn?$AAW?$AAo?$AAr@ 0000000140026ab0     LIBCMTD:wcsncat_s.obj
 0002:00001b08       ??_C@_1BE@PMMBFFCC@?$AAw?$AAc?$AAs?$AAn?$AAc?$AAp?$AAy?$AA_?$AAs?$AA?$AA@ 0000000140026b08     LIBCMTD:wcsncpy_s.obj
 0002:00001b20       ??_C@_1HE@CMGGKMON@?$AAf?$AA?3?$AA?2?$AAd?$AAd?$AA?2?$AAv?$AAc?$AAt?$AAo?$AAo?$AAl?$AAs?$AA?2?$AAc?$AAr?$AAt?$AA_?$AAb?$AAl?$AAd?$AA?2?$AAs?$AAe?$AAl?$AAf?$AA_?$AA6?$AA4?$AA_?$AAa?$AAm@ 0000000140026b20     LIBCMTD:wcsncpy_s.obj
 0002:00001b98       ??_C@_1BC@PLIEPKPJ@?$AAw?$AAc?$AAs?$AAc?$AAa?$AAt?$AA_?$AAs?$AA?$AA@ 0000000140026b98     LIBCMTD:wcscat_s.obj
 0002:00001bb0       ??_C@_1HC@LMNIDGBJ@?$AAf?$AA?3?$AA?2?$AAd?$AAd?$AA?2?$AAv?$AAc?$AAt?$AAo?$AAo?$AAl?$AAs?$AA?2?$AAc?$AAr?$AAt?$AA_?$AAb?$AAl?$AAd?$AA?2?$AAs?$AAe?$AAl?$AAf?$AA_?$AA6?$AA4?$AA_?$AAa?$AAm@ 0000000140026bb0     LIBCMTD:wcscat_s.obj
 0002:00001c28       ??_C@_1BC@KIONAFPO@?$AAw?$AAc?$AAs?$AAc?$AAp?$AAy?$AA_?$AAs?$AA?$AA@ 0000000140026c28     LIBCMTD:wcscpy_s.obj
 0002:00001c40       ??_C@_1HC@HEGDJOLJ@?$AAf?$AA?3?$AA?2?$AAd?$AAd?$AA?2?$AAv?$AAc?$AAt?$AAo?$AAo?$AAl?$AAs?$AA?2?$AAc?$AAr?$AAt?$AA_?$AAb?$AAl?$AAd?$AA?2?$AAs?$AAe?$AAl?$AAf?$AA_?$AA6?$AA4?$AA_?$AAa?$AAm@ 0000000140026c40     LIBCMTD:wcscpy_s.obj
 0002:00001cb8       ??_C@_1BC@BHLPNJBO@?$AAf?$AAw?$AAp?$AAr?$AAi?$AAn?$AAt?$AAf?$AA?$AA@ 0000000140026cb8     LIBCMTD:fwprintf.obj
 0002:00001cd0       ??_C@_1GO@EPDDMOOF@?$AAf?$AA?3?$AA?2?$AAd?$AAd?$AA?2?$AAv?$AAc?$AAt?$AAo?$AAo?$AAl?$AAs?$AA?2?$AAc?$AAr?$AAt?$AA_?$AAb?$AAl?$AAd?$AA?2?$AAs?$AAe?$AAl?$AAf?$AA_?$AA6?$AA4?$AA_?$AAa?$AAm@ 0000000140026cd0     LIBCMTD:fwprintf.obj
 0002:00001d40       ??_C@_1BM@JMKHIAHP@?$AA?$CI?$AAs?$AAt?$AAr?$AA?5?$AA?$CB?$AA?$DN?$AA?5?$AAN?$AAU?$AAL?$AAL?$AA?$CJ?$AA?$AA@ 0000000140026d40     LIBCMTD:fwprintf.obj
 0002:00001d60       ??_C@_0DG@COBMDDCO@f?3?2dd?2vctools?2crt_bld?2self_64_am@ 0000000140026d60     LIBCMTD:setvbuf.obj
 0002:00001da0       ??_C@_1EG@IJNJIDNB@?$AA?$CI?$AA?$CI?$AA2?$AA?5?$AA?$DM?$AA?$DN?$AA?5?$AAs?$AAi?$AAz?$AAe?$AA?$CJ?$AA?5?$AA?$CG?$AA?$CG?$AA?5?$AA?$CI?$AAs?$AAi?$AAz?$AAe?$AA?5?$AA?$DM?$AA?$DN?$AA?5?$AAI?$AAN?$AAT?$AA_?$AAM?$AAA?$AAX@ 0000000140026da0     LIBCMTD:setvbuf.obj
 0002:00001df0       ??_C@_1HC@CBFEDAGG@?$AA?$CI?$AAt?$AAy?$AAp?$AAe?$AA?5?$AA?$DN?$AA?$DN?$AA?5?$AA_?$AAI?$AAO?$AAN?$AAB?$AAF?$AA?$CJ?$AA?5?$AA?$HM?$AA?$HM?$AA?5?$AA?$CI?$AAt?$AAy?$AAp?$AAe?$AA?5?$AA?$DN?$AA?$DN?$AA?5?$AA_?$AAI?$AAO@ 0000000140026df0     LIBCMTD:setvbuf.obj
 0002:00001e68       ??_C@_1BA@OGODIODK@?$AAs?$AAe?$AAt?$AAv?$AAb?$AAu?$AAf?$AA?$AA@ 0000000140026e68     LIBCMTD:setvbuf.obj
 0002:00001e80       ??_C@_1GM@CGAENCDO@?$AAf?$AA?3?$AA?2?$AAd?$AAd?$AA?2?$AAv?$AAc?$AAt?$AAo?$AAo?$AAl?$AAs?$AA?2?$AAc?$AAr?$AAt?$AA_?$AAb?$AAl?$AAd?$AA?2?$AAs?$AAe?$AAl?$AAf?$AA_?$AA6?$AA4?$AA_?$AAa?$AAm@ 0000000140026e80     LIBCMTD:setvbuf.obj
 0002:00001ef0       ??_C@_0DE@PMGNLEO@f?3?2dd?2vctools?2crt_bld?2self_64_am@ 0000000140026ef0     LIBCMTD:_file.obj
 0002:00001f28       ??_C@_1CA@LFDHAMEM@?$AA_?$AAs?$AAe?$AAt?$AA_?$AAe?$AAr?$AAr?$AAo?$AAr?$AA_?$AAm?$AAo?$AAd?$AAe?$AA?$AA@ 0000000140026f28     LIBCMTD:errmode.obj
 0002:00001f50       ??_C@_1GM@CPDLDAAM@?$AAf?$AA?3?$AA?2?$AAd?$AAd?$AA?2?$AAv?$AAc?$AAt?$AAo?$AAo?$AAl?$AAs?$AA?2?$AAc?$AAr?$AAt?$AA_?$AAb?$AAl?$AAd?$AA?2?$AAs?$AAe?$AAl?$AAf?$AA_?$AA6?$AA4?$AA_?$AAa?$AAm@ 0000000140026f50     LIBCMTD:errmode.obj
 0002:00001fc0       ??_C@_1DE@BCNCAIK@?$AA?$CI?$AA?$CC?$AAI?$AAn?$AAv?$AAa?$AAl?$AAi?$AAd?$AA?5?$AAe?$AAr?$AAr?$AAo?$AAr?$AA_?$AAm?$AAo?$AAd?$AAe?$AA?$CC?$AA?0?$AA?5?$AA0?$AA?$CJ?$AA?$AA@ 0000000140026fc0     LIBCMTD:errmode.obj
 0002:00002000       ??_C@_1EC@FABAOFFO@?$AA?$CI?$AAc?$AAo?$AAu?$AAn?$AAt?$AA?5?$AA?$DN?$AA?$DN?$AA?5?$AA0?$AA?$CJ?$AA?5?$AA?$HM?$AA?$HM?$AA?5?$AA?$CI?$AAs?$AAt?$AAr?$AAi?$AAn?$AAg?$AA?5?$AA?$CB?$AA?$DN?$AA?5?$AAN?$AAU?$AAL?$AAL?$AA?$CJ@ 0000000140027000     LIBCMTD:vswprnc.obj
 0002:00002048       ??_C@_1CE@IGKFIJFD@?$AA_?$AAv?$AAs?$AAw?$AAp?$AAr?$AAi?$AAn?$AAt?$AAf?$AA_?$AAh?$AAe?$AAl?$AAp?$AAe?$AAr?$AA?$AA@ 0000000140027048     LIBCMTD:vswprnc.obj
 0002:00002070       ??_C@_1GO@JNKHIJID@?$AAf?$AA?3?$AA?2?$AAd?$AAd?$AA?2?$AAv?$AAc?$AAt?$AAo?$AAo?$AAl?$AAs?$AA?2?$AAc?$AAr?$AAt?$AA_?$AAb?$AAl?$AAd?$AA?2?$AAs?$AAe?$AAl?$AAf?$AA_?$AA6?$AA4?$AA_?$AAa?$AAm@ 0000000140027070     LIBCMTD:vswprnc.obj
 0002:000020e0       ??_C@_1DA@HPBFKMEB@?$AA?$CI?$AA?$CC?$AAB?$AAu?$AAf?$AAf?$AAe?$AAr?$AA?5?$AAt?$AAo?$AAo?$AA?5?$AAs?$AAm?$AAa?$AAl?$AAl?$AA?$CC?$AA?0?$AA?5?$AA0?$AA?$CJ?$AA?$AA@ 00000001400270e0     LIBCMTD:vswprnc.obj
 0002:00002110       ??_C@_1EE@MPCHJFGP@?$AAs?$AAt?$AAr?$AAi?$AAn?$AAg?$AA?5?$AA?$CB?$AA?$DN?$AA?5?$AAN?$AAU?$AAL?$AAL?$AA?5?$AA?$CG?$AA?$CG?$AA?5?$AAs?$AAi?$AAz?$AAe?$AAI?$AAn?$AAW?$AAo?$AAr?$AAd?$AAs?$AA?5?$AA?$DO?$AA?5@ 0000000140027110     LIBCMTD:vswprnc.obj
 0002:00002158       ??_C@_1BO@MLMCMBKN@?$AAf?$AAo?$AAr?$AAm?$AAa?$AAt?$AA?5?$AA?$CB?$AA?$DN?$AA?5?$AAN?$AAU?$AAL?$AAL?$AA?$AA@ 0000000140027158     LIBCMTD:vswprnc.obj
 0002:00002178       ??_C@_1CA@BKFKMJFF@?$AA_?$AAv?$AAs?$AAn?$AAw?$AAp?$AAr?$AAi?$AAn?$AAt?$AAf?$AA_?$AAs?$AA_?$AAl?$AA?$AA@ 0000000140027178     LIBCMTD:vswprnc.obj
 0002:00002198       ??_C@_0DG@NKGMMPE@f?3?2dd?2vctools?2crt_bld?2self_64_am@ 0000000140027198     LIBCMTD:_sftbuf.obj
 0002:000021d0       ??_C@_1GM@EPPIIABD@?$AAf?$AA?3?$AA?2?$AAd?$AAd?$AA?2?$AAv?$AAc?$AAt?$AAo?$AAo?$AAl?$AAs?$AA?2?$AAc?$AAr?$AAt?$AA_?$AAb?$AAl?$AAd?$AA?2?$AAs?$AAe?$AAl?$AAf?$AA_?$AA6?$AA4?$AA_?$AAa?$AAm@ 00000001400271d0     LIBCMTD:_sftbuf.obj
 0002:00002240       ??_C@_1BI@MFCLPIBM@?$AAs?$AAt?$AAr?$AA?5?$AA?$CB?$AA?$DN?$AA?5?$AAN?$AAU?$AAL?$AAL?$AA?$AA@ 0000000140027240     LIBCMTD:_sftbuf.obj
 0002:00002258       ??_C@_1CO@KCKAACMI@?$AAf?$AAl?$AAa?$AAg?$AA?5?$AA?$DN?$AA?$DN?$AA?5?$AA0?$AA?5?$AA?$HM?$AA?$HM?$AA?5?$AAf?$AAl?$AAa?$AAg?$AA?5?$AA?$DN?$AA?$DN?$AA?5?$AA1?$AA?$AA@ 0000000140027258     LIBCMTD:_sftbuf.obj
 0002:00002288       ??_C@_1O@CEDCILHN@?$AA?$CI?$AAn?$AAu?$AAl?$AAl?$AA?$CJ?$AA?$AA@ 0000000140027288     LIBCMTD:output.obj
 0002:00002298       ??_C@_06OJHGLDPL@?$CInull?$CJ?$AA@ 0000000140027298     LIBCMTD:output.obj
 0002:000022a0       __lookuptable              00000001400272a0     LIBCMTD:output.obj
 0002:00002300       ??_C@_0DF@MNLBDNAL@f?3?2dd?2vctools?2crt_bld?2self_64_am@ 0000000140027300     LIBCMTD:output.obj
 0002:00002340       ??_C@_1EK@PNGFDECN@?$AA?$CI?$AA?$CC?$AA?8?$AAn?$AA?8?$AA?5?$AAf?$AAo?$AAr?$AAm?$AAa?$AAt?$AA?5?$AAs?$AAp?$AAe?$AAc?$AAi?$AAf?$AAi?$AAe?$AAr?$AA?5?$AAd?$AAi?$AAs?$AAa?$AAb?$AAl?$AAe?$AAd?$AA?$CC@ 0000000140027340     LIBCMTD:output.obj
 0002:00002390       ??_C@_1CC@IFFHEMNF@?$AA?$CI?$AAc?$AAh?$AA?5?$AA?$CB?$AA?$DN?$AA?5?$AA_?$AAT?$AA?$CI?$AA?8?$AA?2?$AA0?$AA?8?$AA?$CJ?$AA?$CJ?$AA?$AA@ 0000000140027390     LIBCMTD:output.obj
 0002:000023c0       ??_C@_1BAA@ODEGEDCK@?$AA?$CI?$AA?5?$AA?$CI?$AA_?$AAS?$AAt?$AAr?$AAe?$AAa?$AAm?$AA?9?$AA?$DO?$AA_?$AAf?$AAl?$AAa?$AAg?$AA?5?$AA?$CG?$AA?5?$AA_?$AAI?$AAO?$AAS?$AAT?$AAR?$AAG?$AA?$CJ?$AA?5?$AA?$HM?$AA?$HM?$AA?5@ 00000001400273c0     LIBCMTD:output.obj
 0002:000024c0       ??_C@_1BE@IONLIDNC@?$AA_?$AAo?$AAu?$AAt?$AAp?$AAu?$AAt?$AA_?$AAl?$AA?$AA@ 00000001400274c0     LIBCMTD:output.obj
 0002:000024e0       ??_C@_1GK@BJNDONIJ@?$AAf?$AA?3?$AA?2?$AAd?$AAd?$AA?2?$AAv?$AAc?$AAt?$AAo?$AAo?$AAl?$AAs?$AA?2?$AAc?$AAr?$AAt?$AA_?$AAb?$AAl?$AAd?$AA?2?$AAs?$AAe?$AAl?$AAf?$AA_?$AA6?$AA4?$AA_?$AAa?$AAm@ 00000001400274e0     LIBCMTD:output.obj
 0002:00002550       ??_C@_1CC@FADMNIL@?$AA?$CI?$AAs?$AAt?$AAr?$AAe?$AAa?$AAm?$AA?5?$AA?$CB?$AA?$DN?$AA?5?$AAN?$AAU?$AAL?$AAL?$AA?$CJ?$AA?$AA@ 0000000140027550     LIBCMTD:output.obj
 0002:00002578       ??_C@_1CC@CGHMNGDG@?$AAA?$AAs?$AAs?$AAe?$AAr?$AAt?$AAi?$AAo?$AAn?$AA?5?$AAF?$AAa?$AAi?$AAl?$AAe?$AAd?$AA?$AA@ 0000000140027578     LIBCMTD:dbgrptw.obj
 0002:000025a0       ??_C@_1M@ILHOPKA@?$AAE?$AAr?$AAr?$AAo?$AAr?$AA?$AA@ 00000001400275a0     LIBCMTD:dbgrptw.obj
 0002:000025b0       ??_C@_1BA@GLMCNLEM@?$AAW?$AAa?$AAr?$AAn?$AAi?$AAn?$AAg?$AA?$AA@ 00000001400275b0     LIBCMTD:dbgrptw.obj
 0002:000025e0       ??_C@_1GK@OPBLBEGA@?$AAf?$AA?3?$AA?2?$AAd?$AAd?$AA?2?$AAv?$AAc?$AAt?$AAo?$AAo?$AAl?$AAs?$AA?2?$AAc?$AAr?$AAt?$AA_?$AAb?$AAl?$AAd?$AA?2?$AAs?$AAe?$AAl?$AAf?$AA_?$AA6?$AA4?$AA_?$AAa?$AAm@ 00000001400275e0     LIBCMTD:dbgrptw.obj
 0002:00002650       ??_C@_1EG@PEOEAKBB@?$AAM?$AAi?$AAc?$AAr?$AAo?$AAs?$AAo?$AAf?$AAt?$AA?5?$AAV?$AAi?$AAs?$AAu?$AAa?$AAl?$AA?5?$AAC?$AA?$CL?$AA?$CL?$AA?5?$AAD?$AAe?$AAb?$AAu?$AAg?$AA?5?$AAL?$AAi?$AAb?$AAr?$AAa@ 0000000140027650     LIBCMTD:dbgrptw.obj
 0002:000026a0       ??_C@_1JI@EACPGHID@?$AAw?$AAc?$AAs?$AAc?$AAp?$AAy?$AA_?$AAs?$AA?$CI?$AAs?$AAz?$AAO?$AAu?$AAt?$AAM?$AAe?$AAs?$AAs?$AAa?$AAg?$AAe?$AA?0?$AA?5?$AA4?$AA0?$AA9?$AA6?$AA?0?$AA?5?$AAL?$AA?$CC?$AA_@ 00000001400276a0     LIBCMTD:dbgrptw.obj
 0002:00002740       ??_C@_1FG@BBOLDHGF@?$AA_?$AAC?$AAr?$AAt?$AAD?$AAb?$AAg?$AAR?$AAe?$AAp?$AAo?$AAr?$AAt?$AA?3?$AA?5?$AAS?$AAt?$AAr?$AAi?$AAn?$AAg?$AA?5?$AAt?$AAo?$AAo?$AA?5?$AAl?$AAo?$AAn?$AAg?$AA?5?$AAo@ 0000000140027740     LIBCMTD:dbgrptw.obj
 0002:00002798       ??_C@_1BI@KALLJECN@?$AA?$CI?$AA?$CK?$AA_?$AAe?$AAr?$AAr?$AAn?$AAo?$AA?$CI?$AA?$CJ?$AA?$CJ?$AA?$AA@ 0000000140027798     LIBCMTD:dbgrptw.obj
 0002:000027b0       ??_C@_1KK@MEFMPOLM@?$AAD?$AAe?$AAb?$AAu?$AAg?$AA?5?$AA?$CF?$AAs?$AA?$CB?$AA?6?$AA?6?$AAP?$AAr?$AAo?$AAg?$AAr?$AAa?$AAm?$AA?3?$AA?5?$AA?$CF?$AAs?$AA?$CF?$AAs?$AA?$CF?$AAs?$AA?$CF?$AAs?$AA?$CF?$AAs?$AA?$CF?$AAs@ 00000001400277b0     LIBCMTD:dbgrptw.obj
 0002:00002860       ??_C@_1BE@CGCJKGHI@?$AA?6?$AAM?$AAo?$AAd?$AAu?$AAl?$AAe?$AA?3?$AA?5?$AA?$AA@ 0000000140027860     LIBCMTD:dbgrptw.obj
 0002:00002878       ??_C@_1BA@LNHECFIM@?$AA?6?$AAF?$AAi?$AAl?$AAe?$AA?3?$AA?5?$AA?$AA@ 0000000140027878     LIBCMTD:dbgrptw.obj
 0002:00002888       ??_C@_1BA@GLLGCPCK@?$AA?6?$AAL?$AAi?$AAn?$AAe?$AA?3?$AA?5?$AA?$AA@ 0000000140027888     LIBCMTD:dbgrptw.obj
 0002:00002898       ??_C@_11LOCGONAA@?$AA?$AA@ 0000000140027898     LIBCMTD:dbgrptw.obj
 0002:000028a0       ??_C@_1OG@PMPPFHAF@?$AA?6?$AA?6?$AAF?$AAo?$AAr?$AA?5?$AAi?$AAn?$AAf?$AAo?$AAr?$AAm?$AAa?$AAt?$AAi?$AAo?$AAn?$AA?5?$AAo?$AAn?$AA?5?$AAh?$AAo?$AAw?$AA?5?$AAy?$AAo?$AAu?$AAr?$AA?5?$AAp?$AAr@ 00000001400278a0     LIBCMTD:dbgrptw.obj
 0002:00002990       ??_C@_1NO@LECLLHOL@?$AAm?$AAe?$AAm?$AAc?$AAp?$AAy?$AA_?$AAs?$AA?$CI?$AAs?$AAz?$AAS?$AAh?$AAo?$AAr?$AAt?$AAP?$AAr?$AAo?$AAg?$AAN?$AAa?$AAm?$AAe?$AA?0?$AA?5?$AAs?$AAi?$AAz?$AAe?$AAo?$AAf@ 0000000140027990     LIBCMTD:dbgrptw.obj
 0002:00002a70       ??_C@_1GI@DEDNNLCI@?$AAw?$AAc?$AAs?$AAc?$AAp?$AAy?$AA_?$AAs?$AA?$CI?$AAs?$AAz?$AAE?$AAx?$AAe?$AAN?$AAa?$AAm?$AAe?$AA?0?$AA?5?$AA2?$AA6?$AA0?$AA?0?$AA?5?$AAL?$AA?$CC?$AA?$DM?$AAp?$AAr?$AAo?$AAg@ 0000000140027a70     LIBCMTD:dbgrptw.obj
 0002:00002ad8       ??_C@_1CI@PGJIFDEK@?$AA_?$AA_?$AAc?$AAr?$AAt?$AAM?$AAe?$AAs?$AAs?$AAa?$AAg?$AAe?$AAW?$AAi?$AAn?$AAd?$AAo?$AAw?$AAW?$AA?$AA@ 0000000140027ad8     LIBCMTD:dbgrptw.obj
 0002:00002b00       _XcptActTab                0000000140027b00     LIBCMTD:winxfltr.obj
 0002:00002bc0       _First_FPE_Indx            0000000140027bc0     LIBCMTD:winxfltr.obj
 0002:00002bc4       _Num_FPE                   0000000140027bc4     LIBCMTD:winxfltr.obj
 0002:00002bc8       _XcptActTabSize            0000000140027bc8     LIBCMTD:winxfltr.obj
 0002:00002bcc       _XcptActTabCount           0000000140027bcc     LIBCMTD:winxfltr.obj
 0002:00002bd0       ??_C@_1DE@MMOGFGHF@?$AAs?$AAt?$AAr?$AAc?$AAp?$AAy?$AA_?$AAs?$AA?$CI?$AA?$CK?$AAe?$AAn?$AAv?$AA?0?$AA?5?$AAc?$AAc?$AAh?$AAa?$AAr?$AAs?$AA?0?$AA?5?$AAp?$AA?$CJ?$AA?$AA@ 0000000140027bd0     LIBCMTD:stdenvp.obj
 0002:00002c08       ??_C@_1BC@GHMCNHHL@?$AA_?$AAs?$AAe?$AAt?$AAe?$AAn?$AAv?$AAp?$AA?$AA@ 0000000140027c08     LIBCMTD:stdenvp.obj
 0002:00002c20       ??_C@_1GM@EPOINBMA@?$AAf?$AA?3?$AA?2?$AAd?$AAd?$AA?2?$AAv?$AAc?$AAt?$AAo?$AAo?$AAl?$AAs?$AA?2?$AAc?$AAr?$AAt?$AA_?$AAb?$AAl?$AAd?$AA?2?$AAs?$AAe?$AAl?$AAf?$AA_?$AA6?$AA4?$AA_?$AAa?$AAm@ 0000000140027c20     LIBCMTD:stdenvp.obj
 0002:00002c90       ??_C@_0DG@PKDKGAIM@f?3?2dd?2vctools?2crt_bld?2self_64_am@ 0000000140027c90     LIBCMTD:stdenvp.obj
 0002:00002cc8       ??_C@_0DG@CIKGHJB@f?3?2dd?2vctools?2crt_bld?2self_64_am@ 0000000140027cc8     LIBCMTD:stdargv.obj
 0002:00002d00       ??_C@_0DE@ONNEBBOK@f?3?2dd?2vctools?2crt_bld?2self_64_am@ 0000000140027d00     LIBCMTD:a_env.obj
 0002:00002d38       ??_C@_0DF@MJBFINAE@f?3?2dd?2vctools?2crt_bld?2self_64_am@ 0000000140027d38     LIBCMTD:ioinit.obj
 0002:00002d70       ??_C@_06PJIGMIJB@Client?$AA@ 0000000140027d70     LIBCMTD:dbgheap.obj
 0002:00002d78       ??_C@_06KMEJCCGM@Ignore?$AA@ 0000000140027d78     LIBCMTD:dbgheap.obj
 0002:00002d80       ??_C@_03OGPFLFLO@CRT?$AA@  0000000140027d80     LIBCMTD:dbgheap.obj
 0002:00002d84       ??_C@_06EFAGIKOH@Normal?$AA@ 0000000140027d84     LIBCMTD:dbgheap.obj
 0002:00002d8c       ??_C@_04HJMOFLDF@Free?$AA@ 0000000140027d8c     LIBCMTD:dbgheap.obj
 0002:00002dc0       ??_C@_0DC@JEMAGEKG@Error?3?5memory?5allocation?3?5bad?5me@ 0000000140027dc0     LIBCMTD:dbgheap.obj
 0002:00002df8       ??_C@_0CF@BICKFLAF@Invalid?5allocation?5size?3?5?$CFIu?5byt@ 0000000140027df8     LIBCMTD:dbgheap.obj
 0002:00002e20       ??_C@_02DKCKIIND@?$CFs?$AA@ 0000000140027e20     LIBCMTD:dbgheap.obj
 0002:00002e28       ??_C@_0CB@CCLOLAHO@Client?5hook?5allocation?5failure?4?6@ 0000000140027e28     LIBCMTD:dbgheap.obj
 0002:00002e50       ??_C@_0DF@BBEGIFEK@Client?5hook?5allocation?5failure?5a@ 0000000140027e50     LIBCMTD:dbgheap.obj
 0002:00002e90       ??_C@_1GM@EEGHMGNN@?$AAf?$AA?3?$AA?2?$AAd?$AAd?$AA?2?$AAv?$AAc?$AAt?$AAo?$AAo?$AAl?$AAs?$AA?2?$AAc?$AAr?$AAt?$AA_?$AAb?$AAl?$AAd?$AA?2?$AAs?$AAe?$AAl?$AAf?$AA_?$AA6?$AA4?$AA_?$AAa?$AAm@ 0000000140027e90     LIBCMTD:dbgheap.obj
 0002:00002f00       ??_C@_1CE@LJFEPPMP@?$AA_?$AAC?$AAr?$AAt?$AAC?$AAh?$AAe?$AAc?$AAk?$AAM?$AAe?$AAm?$AAo?$AAr?$AAy?$AA?$CI?$AA?$CJ?$AA?$AA@ 0000000140027f00     LIBCMTD:dbgheap.obj
 0002:00002f28       ??_C@_1DE@KOOKLFBB@?$AA_?$AAp?$AAF?$AAi?$AAr?$AAs?$AAt?$AAB?$AAl?$AAo?$AAc?$AAk?$AA?5?$AA?$DN?$AA?$DN?$AA?5?$AAp?$AAO?$AAl?$AAd?$AAB?$AAl?$AAo?$AAc?$AAk?$AA?$AA@ 0000000140027f28     LIBCMTD:dbgheap.obj
 0002:00002f60       ??_C@_1DC@GEFKNOOL@?$AA_?$AAp?$AAL?$AAa?$AAs?$AAt?$AAB?$AAl?$AAo?$AAc?$AAk?$AA?5?$AA?$DN?$AA?$DN?$AA?5?$AAp?$AAO?$AAl?$AAd?$AAB?$AAl?$AAo?$AAc?$AAk?$AA?$AA@ 0000000140027f60     LIBCMTD:dbgheap.obj
 0002:00002fa0       ??_C@_1GE@PCKLOLAO@?$AAf?$AAR?$AAe?$AAa?$AAl?$AAl?$AAo?$AAc?$AA?5?$AA?$HM?$AA?$HM?$AA?5?$AA?$CI?$AA?$CB?$AAf?$AAR?$AAe?$AAa?$AAl?$AAl?$AAo?$AAc?$AA?5?$AA?$CG?$AA?$CG?$AA?5?$AAp?$AAN?$AAe?$AAw?$AAB?$AAl@ 0000000140027fa0     LIBCMTD:dbgheap.obj
 0002:00003008       ??_C@_0DA@HFBKENN@Error?3?5possible?5heap?5corruption?5@ 0000000140028008     LIBCMTD:dbgheap.obj
 0002:00003040       ??_C@_1IK@DCPKDGNH@?$AAp?$AAO?$AAl?$AAd?$AAB?$AAl?$AAo?$AAc?$AAk?$AA?9?$AA?$DO?$AAn?$AAL?$AAi?$AAn?$AAe?$AA?5?$AA?$DN?$AA?$DN?$AA?5?$AAI?$AAG?$AAN?$AAO?$AAR?$AAE?$AA_?$AAL?$AAI?$AAN?$AAE?$AA?5@ 0000000140028040     LIBCMTD:dbgheap.obj
 0002:000030d0       ??_C@_1EE@GFOPCECE@?$AA_?$AAC?$AAr?$AAt?$AAI?$AAs?$AAV?$AAa?$AAl?$AAi?$AAd?$AAH?$AAe?$AAa?$AAp?$AAP?$AAo?$AAi?$AAn?$AAt?$AAe?$AAr?$AA?$CI?$AAp?$AAU?$AAs?$AAe?$AAr?$AAD?$AAa?$AAt?$AAa@ 00000001400280d0     LIBCMTD:dbgheap.obj
 0002:00003120       ??_C@_0EM@LGFLMAGJ@The?5Block?5at?50x?$CFp?5was?5allocated?5@ 0000000140028120     LIBCMTD:dbgheap.obj
 0002:00003170       ??_C@_0FA@EFEIGJKG@Error?3?5memory?5allocation?3?5bad?5me@ 0000000140028170     LIBCMTD:dbgheap.obj
 0002:000031c0       ??_C@_0ED@GPCPBAGP@Invalid?5allocation?5size?3?5?$CFIu?5byt@ 00000001400281c0     LIBCMTD:dbgheap.obj
 0002:00003208       ??_C@_0CE@DOFMDOL@Client?5hook?5re?9allocation?5failur@ 0000000140028208     LIBCMTD:dbgheap.obj
 0002:00003230       ??_C@_0DI@KKJPDPGM@Client?5hook?5re?9allocation?5failur@ 0000000140028230     LIBCMTD:dbgheap.obj
 0002:00003268       ??_C@_1CE@CJACEFBA@?$AAp?$AAU?$AAs?$AAe?$AAr?$AAD?$AAa?$AAt?$AAa?$AA?5?$AA?$CB?$AA?$DN?$AA?5?$AAN?$AAU?$AAL?$AAL?$AA?$AA@ 0000000140028268     LIBCMTD:dbgheap.obj
 0002:00003290       ??_C@_1CM@MMAADDMD@?$AA_?$AAp?$AAF?$AAi?$AAr?$AAs?$AAt?$AAB?$AAl?$AAo?$AAc?$AAk?$AA?5?$AA?$DN?$AA?$DN?$AA?5?$AAp?$AAH?$AAe?$AAa?$AAd?$AA?$AA@ 0000000140028290     LIBCMTD:dbgheap.obj
 0002:000032c0       ??_C@_1CK@DMAGEMBG@?$AA_?$AAp?$AAL?$AAa?$AAs?$AAt?$AAB?$AAl?$AAo?$AAc?$AAk?$AA?5?$AA?$DN?$AA?$DN?$AA?5?$AAp?$AAH?$AAe?$AAa?$AAd?$AA?$AA@ 00000001400282c0     LIBCMTD:dbgheap.obj
 0002:000032f0       ??_C@_1DM@ODCJIDCP@?$AAp?$AAH?$AAe?$AAa?$AAd?$AA?9?$AA?$DO?$AAn?$AAB?$AAl?$AAo?$AAc?$AAk?$AAU?$AAs?$AAe?$AA?5?$AA?$DN?$AA?$DN?$AA?5?$AAn?$AAB?$AAl?$AAo?$AAc?$AAk?$AAU?$AAs?$AAe?$AA?$AA@ 00000001400282f0     LIBCMTD:dbgheap.obj
 0002:00003330       ??_C@_1HK@HPCBMDFG@?$AAp?$AAH?$AAe?$AAa?$AAd?$AA?9?$AA?$DO?$AAn?$AAL?$AAi?$AAn?$AAe?$AA?5?$AA?$DN?$AA?$DN?$AA?5?$AAI?$AAG?$AAN?$AAO?$AAR?$AAE?$AA_?$AAL?$AAI?$AAN?$AAE?$AA?5?$AA?$CG?$AA?$CG?$AA?5?$AAp@ 0000000140028330     LIBCMTD:dbgheap.obj
 0002:000033b0       ??_C@_0IG@LEMBDCJK@HEAP?5CORRUPTION?5DETECTED?3?5after?5@ 00000001400283b0     LIBCMTD:dbgheap.obj
 0002:00003440       ??_C@_0KE@MBMNHHHN@HEAP?5CORRUPTION?5DETECTED?3?5after?5@ 0000000140028440     LIBCMTD:dbgheap.obj
 0002:000034f0       ??_C@_0IK@PJCGLBOB@HEAP?5CORRUPTION?5DETECTED?3?5before@ 00000001400284f0     LIBCMTD:dbgheap.obj
 0002:00003580       ??_C@_0KI@JGFOHMEB@HEAP?5CORRUPTION?5DETECTED?3?5before@ 0000000140028580     LIBCMTD:dbgheap.obj
 0002:00003630       ??_C@_1EO@LHDAJOCM@?$AA_?$AAB?$AAL?$AAO?$AAC?$AAK?$AA_?$AAT?$AAY?$AAP?$AAE?$AA_?$AAI?$AAS?$AA_?$AAV?$AAA?$AAL?$AAI?$AAD?$AA?$CI?$AAp?$AAH?$AAe?$AAa?$AAd?$AA?9?$AA?$DO?$AAn?$AAB?$AAl?$AAo@ 0000000140028630     LIBCMTD:dbgheap.obj
 0002:00003680       ??_C@_0BL@KEIPLFAC@Client?5hook?5free?5failure?4?6?$AA@ 0000000140028680     LIBCMTD:dbgheap.obj
 0002:000036a0       ??_C@_0EJ@HEIBCIMJ@The?5Block?5at?50x?$CFp?5was?5allocated?5@ 00000001400286a0     LIBCMTD:dbgheap.obj
 0002:000036f0       ??_C@_1BG@MBKOGDLD@?$AA_?$AAm?$AAs?$AAi?$AAz?$AAe?$AA_?$AAd?$AAb?$AAg?$AA?$AA@ 00000001400286f0     LIBCMTD:dbgheap.obj
 0002:00003708       ??_C@_0CI@JMLBEDHJ@?$CFhs?5located?5at?50x?$CFp?5is?5?$CFIu?5bytes@ 0000000140028708     LIBCMTD:dbgheap.obj
 0002:00003730       ??_C@_0EG@DGJMPDBH@?$CFhs?5located?5at?50x?$CFp?5is?5?$CFIu?5bytes@ 0000000140028730     LIBCMTD:dbgheap.obj
 0002:00003780       ??_C@_0IC@BBJIOOJH@HEAP?5CORRUPTION?5DETECTED?3?5on?5top@ 0000000140028780     LIBCMTD:dbgheap.obj
 0002:00003810       ??_C@_0KA@IHNJJKPL@HEAP?5CORRUPTION?5DETECTED?3?5on?5top@ 0000000140028810     LIBCMTD:dbgheap.obj
 0002:000038b0       ??_C@_07OHKEFPKJ@DAMAGED?$AA@ 00000001400288b0     LIBCMTD:dbgheap.obj
 0002:000038b8       ??_C@_0CL@HNNNMKMJ@_heapchk?5fails?5with?5unknown?5retu@ 00000001400288b8     LIBCMTD:dbgheap.obj
 0002:000038e8       ??_C@_0CC@MFFCHFHO@_heapchk?5fails?5with?5_HEAPBADPTR?4@ 00000001400288e8     LIBCMTD:dbgheap.obj
 0002:00003910       ??_C@_0CC@MJGLGBDG@_heapchk?5fails?5with?5_HEAPBADEND?4@ 0000000140028910     LIBCMTD:dbgheap.obj
 0002:00003938       ??_C@_0CD@CPKEAPBD@_heapchk?5fails?5with?5_HEAPBADNODE@ 0000000140028938     LIBCMTD:dbgheap.obj
 0002:00003960       ??_C@_0CE@MKKHMBMK@_heapchk?5fails?5with?5_HEAPBADBEGI@ 0000000140028960     LIBCMTD:dbgheap.obj
 0002:00003988       ??_C@_1BO@GJFDNMNF@?$AA_?$AAC?$AAr?$AAt?$AAS?$AAe?$AAt?$AAD?$AAb?$AAg?$AAF?$AAl?$AAa?$AAg?$AA?$AA@ 0000000140028988     LIBCMTD:dbgheap.obj
 0002:000039b0       ??_C@_1BHO@NNANJNF@?$AA?$CI?$AAf?$AAN?$AAe?$AAw?$AAB?$AAi?$AAt?$AAs?$AA?$DN?$AA?$DN?$AA_?$AAC?$AAR?$AAT?$AAD?$AAB?$AAG?$AA_?$AAR?$AAE?$AAP?$AAO?$AAR?$AAT?$AA_?$AAF?$AAL?$AAA?$AAG?$AA?$CJ?$AA?5@ 00000001400289b0     LIBCMTD:dbgheap.obj
 0002:00003b30       ??_C@_0CB@EAAIGELO@Bad?5memory?5block?5found?5at?50x?$CFp?4?6@ 0000000140028b30     LIBCMTD:dbgheap.obj
 0002:00003b58       ??_C@_0DP@LEFMFBOD@Bad?5memory?5block?5found?5at?50x?$CFp?4?6@ 0000000140028b58     LIBCMTD:dbgheap.obj
 0002:00003b98       ??_C@_1CE@NJJKELF@?$AA_?$AAC?$AAr?$AAt?$AAM?$AAe?$AAm?$AAC?$AAh?$AAe?$AAc?$AAk?$AAp?$AAo?$AAi?$AAn?$AAt?$AA?$AA@ 0000000140028b98     LIBCMTD:dbgheap.obj
 0002:00003bc0       ??_C@_1BM@MIMANDHC@?$AAs?$AAt?$AAa?$AAt?$AAe?$AA?5?$AA?$CB?$AA?$DN?$AA?5?$AAN?$AAU?$AAL?$AAL?$AA?$AA@ 0000000140028bc0     LIBCMTD:dbgheap.obj
 0002:00003be0       ??_C@_0BH@GFGKJDCO@Object?5dump?5complete?4?6?$AA@ 0000000140028be0     LIBCMTD:dbgheap.obj
 0002:00003bf8       ??_C@_0DA@MDLBNIBM@crt?5block?5at?50x?$CFp?0?5subtype?5?$CFx?0?5?$CF@ 0000000140028bf8     LIBCMTD:dbgheap.obj
 0002:00003c28       ??_C@_0CH@FAGDDGPN@normal?5block?5at?50x?$CFp?0?5?$CFIu?5bytes?5@ 0000000140028c28     LIBCMTD:dbgheap.obj
 0002:00003c50       ??_C@_0DD@GHNAAKBB@client?5block?5at?50x?$CFp?0?5subtype?5?$CFx@ 0000000140028c50     LIBCMTD:dbgheap.obj
 0002:00003c84       ??_C@_06PKLGBFGM@?$HL?$CFld?$HN?5?$AA@ 0000000140028c84     LIBCMTD:dbgheap.obj
 0002:00003c90       ??_C@_0L@JMEFFCCJ@?$CFhs?$CI?$CFd?$CJ?5?3?5?$AA@ 0000000140028c90     LIBCMTD:dbgheap.obj
 0002:00003ca0       ??_C@_0BE@OIEFNFL@?$CDFile?5Error?$CD?$CI?$CFd?$CJ?5?3?5?$AA@ 0000000140028ca0     LIBCMTD:dbgheap.obj
 0002:00003cb8       ??_C@_0BE@KCIPKCIA@Dumping?5objects?5?9?$DO?6?$AA@ 0000000140028cb8     LIBCMTD:dbgheap.obj
 0002:00003cd0       ??_C@_0BA@HJBKCELP@?5Data?3?5?$DM?$CFs?$DO?5?$CFs?6?$AA@ 0000000140028cd0     LIBCMTD:dbgheap.obj
 0002:00003ce0       ??_C@_1CG@LPFIACGM@?$AA_?$AAp?$AAr?$AAi?$AAn?$AAt?$AAM?$AAe?$AAm?$AAB?$AAl?$AAo?$AAc?$AAk?$AAD?$AAa?$AAt?$AAa?$AA?$AA@ 0000000140028ce0     LIBCMTD:dbgheap.obj
 0002:00003d08       ??_C@_05MKKEDADM@?$CF?42X?5?$AA@ 0000000140028d08     LIBCMTD:dbgheap.obj
 0002:00003d10       ??_C@_0BI@JBFPOEJA@Detected?5memory?5leaks?$CB?6?$AA@ 0000000140028d10     LIBCMTD:dbgheap.obj
 0002:00003d28       ??_C@_0DH@BOBGGICJ@f?3?2dd?2vctools?2crt_bld?2self_64_am@ 0000000140028d28     LIBCMTD:tidtable.obj
 0002:00003d60       ??_C@_1BO@BKOMIGKJ@?$AAr?$AAu?$AAn?$AAt?$AAi?$AAm?$AAe?$AA?5?$AAe?$AAr?$AAr?$AAo?$AAr?$AA?5?$AA?$AA@ 0000000140028d60     LIBCMTD:crt0msg.obj
 0002:00003d80       ??_C@_15JNBOKNOG@?$AA?$AN?$AA?6?$AA?$AA@ 0000000140028d80     LIBCMTD:crt0msg.obj
 0002:00003d88       ??_C@_1BM@JBBEPPHI@?$AAT?$AAL?$AAO?$AAS?$AAS?$AA?5?$AAe?$AAr?$AAr?$AAo?$AAr?$AA?$AN?$AA?6?$AA?$AA@ 0000000140028d88     LIBCMTD:crt0msg.obj
 0002:00003da8       ??_C@_1BK@KMOMNAAI@?$AAS?$AAI?$AAN?$AAG?$AA?5?$AAe?$AAr?$AAr?$AAo?$AAr?$AA?$AN?$AA?6?$AA?$AA@ 0000000140028da8     LIBCMTD:crt0msg.obj
 0002:00003dc8       ??_C@_1BO@BFCDCGC@?$AAD?$AAO?$AAM?$AAA?$AAI?$AAN?$AA?5?$AAe?$AAr?$AAr?$AAo?$AAr?$AA?$AN?$AA?6?$AA?$AA@ 0000000140028dc8     LIBCMTD:crt0msg.obj
 0002:00003df0       ??_C@_1BOO@KGEDBGAJ@?$AAR?$AA6?$AA0?$AA3?$AA3?$AA?$AN?$AA?6?$AA?9?$AA?5?$AAA?$AAt?$AAt?$AAe?$AAm?$AAp?$AAt?$AA?5?$AAt?$AAo?$AA?5?$AAu?$AAs?$AAe?$AA?5?$AAM?$AAS?$AAI?$AAL?$AA?5?$AAc?$AAo?$AAd@ 0000000140028df0     LIBCMTD:crt0msg.obj
 0002:00003fe0       ??_C@_1GG@GOPILAJP@?$AAR?$AA6?$AA0?$AA3?$AA2?$AA?$AN?$AA?6?$AA?9?$AA?5?$AAn?$AAo?$AAt?$AA?5?$AAe?$AAn?$AAo?$AAu?$AAg?$AAh?$AA?5?$AAs?$AAp?$AAa?$AAc?$AAe?$AA?5?$AAf?$AAo?$AAr?$AA?5?$AAl?$AAo@ 0000000140028fe0     LIBCMTD:crt0msg.obj
 0002:00004050       ??_C@_1MG@ENCOOIDF@?$AAR?$AA6?$AA0?$AA3?$AA1?$AA?$AN?$AA?6?$AA?9?$AA?5?$AAA?$AAt?$AAt?$AAe?$AAm?$AAp?$AAt?$AA?5?$AAt?$AAo?$AA?5?$AAi?$AAn?$AAi?$AAt?$AAi?$AAa?$AAl?$AAi?$AAz?$AAe?$AA?5?$AAt@ 0000000140029050     LIBCMTD:crt0msg.obj
 0002:00004118       ??_C@_1DO@BMFCDCD@?$AAR?$AA6?$AA0?$AA3?$AA0?$AA?$AN?$AA?6?$AA?9?$AA?5?$AAC?$AAR?$AAT?$AA?5?$AAn?$AAo?$AAt?$AA?5?$AAi?$AAn?$AAi?$AAt?$AAi?$AAa?$AAl?$AAi?$AAz?$AAe?$AAd?$AA?$AN?$AA?6?$AA?$AA@ 0000000140029118     LIBCMTD:crt0msg.obj
 0002:00004160       ??_C@_1EK@HHFLMAOL@?$AAR?$AA6?$AA0?$AA2?$AA8?$AA?$AN?$AA?6?$AA?9?$AA?5?$AAu?$AAn?$AAa?$AAb?$AAl?$AAe?$AA?5?$AAt?$AAo?$AA?5?$AAi?$AAn?$AAi?$AAt?$AAi?$AAa?$AAl?$AAi?$AAz?$AAe?$AA?5?$AAh?$AAe@ 0000000140029160     LIBCMTD:crt0msg.obj
 0002:000041b0       ??_C@_1GK@MFGOKLAG@?$AAR?$AA6?$AA0?$AA2?$AA7?$AA?$AN?$AA?6?$AA?9?$AA?5?$AAn?$AAo?$AAt?$AA?5?$AAe?$AAn?$AAo?$AAu?$AAg?$AAh?$AA?5?$AAs?$AAp?$AAa?$AAc?$AAe?$AA?5?$AAf?$AAo?$AAr?$AA?5?$AAl?$AAo@ 00000001400291b0     LIBCMTD:crt0msg.obj
 0002:00004220       ??_C@_1GK@MCAAGJMO@?$AAR?$AA6?$AA0?$AA2?$AA6?$AA?$AN?$AA?6?$AA?9?$AA?5?$AAn?$AAo?$AAt?$AA?5?$AAe?$AAn?$AAo?$AAu?$AAg?$AAh?$AA?5?$AAs?$AAp?$AAa?$AAc?$AAe?$AA?5?$AAf?$AAo?$AAr?$AA?5?$AAs?$AAt@ 0000000140029220     LIBCMTD:crt0msg.obj
 0002:00004290       ??_C@_1EM@MAADIHMB@?$AAR?$AA6?$AA0?$AA2?$AA5?$AA?$AN?$AA?6?$AA?9?$AA?5?$AAp?$AAu?$AAr?$AAe?$AA?5?$AAv?$AAi?$AAr?$AAt?$AAu?$AAa?$AAl?$AA?5?$AAf?$AAu?$AAn?$AAc?$AAt?$AAi?$AAo?$AAn?$AA?5?$AAc@ 0000000140029290     LIBCMTD:crt0msg.obj
 0002:000042e0       ??_C@_1GK@FHCKBEFA@?$AAR?$AA6?$AA0?$AA2?$AA4?$AA?$AN?$AA?6?$AA?9?$AA?5?$AAn?$AAo?$AAt?$AA?5?$AAe?$AAn?$AAo?$AAu?$AAg?$AAh?$AA?5?$AAs?$AAp?$AAa?$AAc?$AAe?$AA?5?$AAf?$AAo?$AAr?$AA?5?$AA_?$AAo@ 00000001400292e0     LIBCMTD:crt0msg.obj
 0002:00004350       ??_C@_1FC@ECHBIFBC@?$AAR?$AA6?$AA0?$AA1?$AA9?$AA?$AN?$AA?6?$AA?9?$AA?5?$AAu?$AAn?$AAa?$AAb?$AAl?$AAe?$AA?5?$AAt?$AAo?$AA?5?$AAo?$AAp?$AAe?$AAn?$AA?5?$AAc?$AAo?$AAn?$AAs?$AAo?$AAl?$AAe?$AA?5@ 0000000140029350     LIBCMTD:crt0msg.obj
 0002:000043b0       ??_C@_1EC@JIBHAOPH@?$AAR?$AA6?$AA0?$AA1?$AA8?$AA?$AN?$AA?6?$AA?9?$AA?5?$AAu?$AAn?$AAe?$AAx?$AAp?$AAe?$AAc?$AAt?$AAe?$AAd?$AA?5?$AAh?$AAe?$AAa?$AAp?$AA?5?$AAe?$AAr?$AAr?$AAo?$AAr?$AA?$AN?$AA?6@ 00000001400293b0     LIBCMTD:crt0msg.obj
 0002:00004400       ??_C@_1FK@BEOGODMC@?$AAR?$AA6?$AA0?$AA1?$AA7?$AA?$AN?$AA?6?$AA?9?$AA?5?$AAu?$AAn?$AAe?$AAx?$AAp?$AAe?$AAc?$AAt?$AAe?$AAd?$AA?5?$AAm?$AAu?$AAl?$AAt?$AAi?$AAt?$AAh?$AAr?$AAe?$AAa?$AAd?$AA?5@ 0000000140029400     LIBCMTD:crt0msg.obj
[...]
 0003:00000440       __abort_behavior           0000000140030440     LIBCMTD:abort.obj
 0003:00000448       __security_cookie          0000000140030448     LIBCMTD:gs_cookie.obj
 0003:00000450       __security_cookie_complement 0000000140030450     LIBCMTD:gs_cookie.obj
 0003:00000460       __nullstring               0000000140030460     LIBCMTD:output.obj
 0003:00000468       __wnullstring              0000000140030468     LIBCMTD:output.obj
 0003:000005f0       __badioinfo                00000001400305f0     LIBCMTD:ioinit.obj
 0003:00000648       _crtDbgFlag                0000000140030648     LIBCMTD:dbgheap.obj
 0003:00000650       __crtDebugFillThreshold    0000000140030650     LIBCMTD:dbgheap.obj
 0003:00000658       _crtBreakAlloc             0000000140030658     LIBCMTD:dbgheap.obj
 0003:00000660       __flsindex                 0000000140030660     LIBCMTD:tidtable.obj
 0003:00000670       _cfltcvt_tab               0000000140030670     LIBCMTD:cmiscdat.obj
 0003:000006c0       __initialmbcinfo           00000001400306c0     LIBCMTD:mbctype.obj
 0003:000008e0       _mbctype                   00000001400308e0     LIBCMTD:mbctype.obj
 0003:000009f0       _mbcasemap                 00000001400309f0     LIBCMTD:mbctype.obj
 0003:00000af0       __ptmbcinfo                0000000140030af0     LIBCMTD:mbctype.obj
 0003:00000e30       _pfnAllocHook              0000000140030e30     LIBCMTD:dbghook.obj
 0003:00000e40       __globallocalestatus       0000000140030e40     LIBCMTD:glstatus.obj
 0003:00000e44       __clocalestr               0000000140030e44     LIBCMTD:nlsdata2.obj
 0003:00000e50       __lc_time_c                0000000140030e50     LIBCMTD:nlsdata2.obj
 0003:00001110       __initiallocinfo           0000000140031110     LIBCMTD:nlsdata2.obj
 0003:00001270       __ptlocinfo                0000000140031270     LIBCMTD:nlsdata2.obj
 0003:00001278       _crtAssertBusy             0000000140031278     LIBCMTD:dbgrptt.obj
 0003:00001280       _CrtDbgMode                0000000140031280     LIBCMTD:dbgrptt.obj
 0003:00001290       _CrtDbgFile                0000000140031290     LIBCMTD:dbgrptt.obj
 0003:000012c0       __lconv_static_decimal     00000001400312c0     LIBCMTD:lconv.obj
 0003:000012c4       __lconv_static_W_decimal   00000001400312c4     LIBCMTD:lconv.obj
 0003:000012c8       __lconv                    00000001400312c8     LIBCMTD:lconv.obj
 0003:000012d0       __lconv_c                  00000001400312d0     LIBCMTD:lconv.obj
 0003:00001368       _pctype                    0000000140031368     LIBCMTD:ctype.obj
 0003:00001370       _pwctype                   0000000140031370     LIBCMTD:ctype.obj
 0003:00001380       ??_R0?AVbad_exception@std@@@8 0000000140031380     LIBCMTD:frame.obj
 0003:000013a8       ??_R0?AVexception@std@@@8  00000001400313a8     LIBCMTD:frame.obj
 0003:000013d0       _confh                     00000001400313d0     LIBCMTD:initcon.obj
 0003:000013e0       __mb_cur_max               00000001400313e0     LIBCMTD:nlsdata1.obj
 0003:000013e4       __decimal_point            00000001400313e4     LIBCMTD:nlsdata1.obj
 0003:000013e8       __decimal_point_length     00000001400313e8     LIBCMTD:nlsdata1.obj
 0003:000013f0       ??_R0?AVtype_info@@@8      00000001400313f0     LIBCMTD:typinfo.obj
 0003:00001420       ?renderer@@3PEAUSDL_Renderer@@EA 0000000140031420     main.obj
 0003:00001428       ?nmy@@3HA                  0000000140031428     main.obj
 0003:0000142c       ?mx@@3HA                   000000014003142c     main.obj
 0003:00001430       ?window@@3PEAUSDL_Window@@EA 0000000140031430     main.obj
 0003:00001438       ?solidRect@@3USDL_Rect@@A  0000000140031438     main.obj
 0003:00001448       ?my@@3HA                   0000000140031448     main.obj
 0003:0000144c       ?nmx@@3HA                  000000014003144c     main.obj
 0003:00001450       ?e@@3TSDL_Event@@A         0000000140031450     main.obj
 0003:00001488       ?solidTexture@@3PEAUSDL_Texture@@EA 0000000140031488     main.obj
 0003:00001490       ?gFont@@3PEAU_TTF_Font@@EA 0000000140031490     main.obj
 0003:00001498       ?text@@3PEAUSDL_Texture@@EA 0000000140031498     main.obj
 0003:000014a0       ?drawpixel@@3_NA           00000001400314a0     main.obj
 0003:000014a1       ?ctrlisdown@@3_NA          00000001400314a1     main.obj
 0003:000014a2       ?clear@@3_NA               00000001400314a2     main.obj
 0003:000014a8       ?keystate@@3PEBEEB         00000001400314a8     main.obj
 0003:000014b8       _aenvptr                   00000001400314b8     LIBCMTD:crt0.obj
 0003:000014c0       _wenvptr                   00000001400314c0     LIBCMTD:crt0.obj
 0003:000014c8       __error_mode               00000001400314c8     LIBCMTD:crt0.obj
 0003:000014d0       _umaskval                  00000001400314d0     LIBCMTD:crt0dat.obj
 0003:000014d4       __argc                     00000001400314d4     LIBCMTD:crt0dat.obj
 0003:000014d8       __argv                     00000001400314d8     LIBCMTD:crt0dat.obj
 0003:000014e0       __wargv                    00000001400314e0     LIBCMTD:crt0dat.obj
 0003:000014e8       _environ                   00000001400314e8     LIBCMTD:crt0dat.obj
 0003:000014f0       __initenv                  00000001400314f0     LIBCMTD:crt0dat.obj
 0003:000014f8       _wenviron                  00000001400314f8     LIBCMTD:crt0dat.obj
 0003:00001500       __winitenv                 0000000140031500     LIBCMTD:crt0dat.obj
 0003:00001508       _pgmptr                    0000000140031508     LIBCMTD:crt0dat.obj
 0003:00001510       _wpgmptr                   0000000140031510     LIBCMTD:crt0dat.obj
 0003:00001518       _exitflag                  0000000140031518     LIBCMTD:crt0dat.obj
 0003:0000151c       _C_Termination_Done        000000014003151c     LIBCMTD:crt0dat.obj
 0003:00001520       _C_Exit_Done               0000000140031520     LIBCMTD:crt0dat.obj
 0003:00001578       _cflush                    0000000140031578     LIBCMTD:_file.obj
 0003:00001580       __pInvalidArgHandler       0000000140031580     LIBCMTD:invarg.obj
 0003:00001588       _stdbuf                    0000000140031588     LIBCMTD:_sftbuf.obj
 0003:000016d0       ?_pfnDumpClient@@3P6AXPEAX_K@ZEA 00000001400316d0     LIBCMTD:dbgheap.obj
 0003:000016e0       __crtDebugCheckCount       00000001400316e0     LIBCMTD:dbgheap.obj
 0003:000016e8       _crtheap                   00000001400316e8     LIBCMTD:heapinit.obj
 0003:00001d20       __mbulinfo                 0000000140031d20     LIBCMTD:mbctype.obj
 0003:00001d2c       __mbcodepage               0000000140031d2c     LIBCMTD:mbctype.obj
 0003:00001d30       __ismbcodepage             0000000140031d30     LIBCMTD:mbctype.obj
 0003:00001d34       __mblcid                   0000000140031d34     LIBCMTD:mbctype.obj
 0003:00001f98       ?__pInconsistency@@3P6AXXZEA 0000000140031f98     LIBCMTD:hooks.obj
 0003:00001fa8       __pPurecall                0000000140031fa8     LIBCMTD:inithelp.obj
 0003:00001fb0       ?_pnhHeap@@3P6AH_K@ZEA     0000000140031fb0     LIBCMTD:handler.obj
 0003:00002530       _newmode                   0000000140032530     LIBCMTD:_newmode.obj
 0003:00002534       __lconv_static_null        0000000140032534     LIBCMTD:lconv.obj
 0003:00002538       __lconv_static_W_null      0000000140032538     LIBCMTD:lconv.obj
 0003:00002568       __locale_changed           0000000140032568     LIBCMTD:setlocal.obj
 0003:00002580       ?pArgList@UnDecorator@@0PEAVReplicator@@EA 0000000140032580     LIBCMTD:undname.obj
 0003:000025b0       ?pZNameList@UnDecorator@@0PEAVReplicator@@EA 00000001400325b0     LIBCMTD:undname.obj
 0003:000025b8       ?pTemplateArgList@UnDecorator@@0PEAVReplicator@@EA 00000001400325b8     LIBCMTD:undname.obj
 0003:000025c0       ?gName@UnDecorator@@0PEBDEB 00000001400325c0     LIBCMTD:undname.obj
 0003:000025c8       ?name@UnDecorator@@0PEBDEB 00000001400325c8     LIBCMTD:undname.obj
 0003:000025d0       ?outputString@UnDecorator@@0PEADEA 00000001400325d0     LIBCMTD:undname.obj
 0003:000025d8       ?maxStringLength@UnDecorator@@0HA 00000001400325d8     LIBCMTD:undname.obj
 0003:000025dc       ?disableFlags@UnDecorator@@0KA 00000001400325dc     LIBCMTD:undname.obj
 0003:000025e0       ?m_pGetParameter@UnDecorator@@0P6APEADJ@ZEA 00000001400325e0     LIBCMTD:undname.obj
 0003:000025e8       ?fExplicitTemplateParams@UnDecorator@@0_NA 00000001400325e8     LIBCMTD:undname.obj
 0003:000025e9       ?fGetTemplateArgumentList@UnDecorator@@0_NA 00000001400325e9     LIBCMTD:undname.obj
 0003:000025f0       _pfnReportHook             00000001400325f0     <common>
 0003:000025f8       _pReportHookListW          00000001400325f8     <common>
 0003:00002600       _pReportHookList           0000000140032600     <common>
 0003:00002608       _debugger_hook_dummy       0000000140032608     <common>
 0003:0000260c       _nhandle                   000000014003260c     <common>
 0003:00002620       __pioinfo                  0000000140032620     <common>
 0003:00002820       __piob                     0000000140032820     <common>
 0003:00002840       _bufin                     0000000140032840     <common>
 0003:00003840       _nstream                   0000000140033840     <common>
 0003:00003844       __env_initialized          0000000140033844     <common>
 0003:00003848       __onexitend                0000000140033848     <common>
 0003:00003850       __onexitbegin              0000000140033850     <common>
 0003:00003858       __mbctype_initialized      0000000140033858     <common>
 0003:00003860       _FPinit                    0000000140033860     <common>
 0003:00003868       __dyn_tls_init_callback    0000000140033868     <common>
 0003:00003870       _acmdln                    0000000140033870     <common>

 entry point at        0001:00001dd0

 Static symbols

 0001:00001bf0       swprintf                   0000000140002bf0 f   LIBCMTD:wassert.obj
 0001:00001df0       __tmainCRTStartup          0000000140002df0 f   LIBCMTD:crt0.obj
 0001:00001f20       fast_error_exit            0000000140002f20 f   LIBCMTD:crt0.obj
 0001:00001f50       check_managed_app          0000000140002f50 f   LIBCMTD:crt0.obj
 0001:00002410       doexit                     0000000140003410 f   LIBCMTD:crt0dat.obj
 0001:00002720       _initterm                  0000000140003720 f   LIBCMTD:crt0dat.obj
 0001:00002bc0       siglookup                  0000000140003bc0 f   LIBCMTD:winsig.obj
 0001:00003000       xtow_s                     0000000140004000 f   LIBCMTD:xtows.obj
 0001:00004fb0       flsall                     0000000140005fb0 f   LIBCMTD:fflush.obj
 0001:00008840       write_string               0000000140009840 f   LIBCMTD:output.obj
 0001:00008840       write_string               0000000140009840 f   LIBCMTD:output.obj
 0001:00009700       xcptlookup                 000000014000a700 f   LIBCMTD:winxfltr.obj
 0001:00009b40       parse_cmdline              000000014000ab40 f   LIBCMTD:stdargv.obj
 0001:0000a950       _nh_malloc_dbg_impl        000000014000b950 f   LIBCMTD:dbgheap.obj
 0001:0000a9f0       _heap_alloc_dbg_impl       000000014000b9f0 f   LIBCMTD:dbgheap.obj
 0001:0000b060       realloc_help               000000014000c060 f   LIBCMTD:dbgheap.obj
 0001:0000c210       CheckBytes                 000000014000d210 f   LIBCMTD:dbgheap.obj
 0001:0000cca0       ?_CrtMemDumpAllObjectsSince_stat@@YAXPEBU_CrtMemState@@PEAUlocaleinfo_struct@@@Z 000000014000dca0 f   LIBCMTD:dbgheap.obj
 0001:0000d040       _printMemBlockData         000000014000e040 f   LIBCMTD:dbgheap.obj
 0001:0000de60       _onexit_nolock             000000014000ee60 f   LIBCMTD:onexit.obj
 0001:0000e700       ?getSystemCP@@YAHH@Z       000000014000f700 f   LIBCMTD:mbctype.obj
 0001:0000ec60       ?CPtoLCID@@YAHH@Z          000000014000fc60 f   LIBCMTD:mbctype.obj
 0001:0000ecc0       ?setSBCS@@YAXPEAUthreadmbcinfostruct@@@Z 000000014000fcc0 f   LIBCMTD:mbctype.obj
 0001:0000edc0       ?setSBUpLow@@YAXPEAUthreadmbcinfostruct@@@Z 000000014000fdc0 f   LIBCMTD:mbctype.obj
 0001:000126b0       write_char                 00000001400136b0 f   LIBCMTD:woutput.obj
 0001:000126b0       write_char                 00000001400136b0 f   LIBCMTD:woutput.obj
 0001:00012730       write_multi_char           0000000140013730 f   LIBCMTD:woutput.obj
 0001:00012730       write_multi_char           0000000140013730 f   LIBCMTD:woutput.obj
 0001:00012780       write_string               0000000140013780 f   LIBCMTD:woutput.obj
 0001:00012780       write_string               0000000140013780 f   LIBCMTD:woutput.obj
 0001:000185e0       write_char                 00000001400195e0 f   LIBCMTD:outputs.obj
 0001:000185e0       write_char                 00000001400195e0 f   LIBCMTD:outputs.obj
 0001:000186c0       write_multi_char           00000001400196c0 f   LIBCMTD:outputs.obj
 0001:000186c0       write_multi_char           00000001400196c0 f   LIBCMTD:outputs.obj
 0001:00018bb0       ?x_ismbbtype_l@@YAHPEAUlocaleinfo_struct@@IHH@Z 0000000140019bb0 f   LIBCMTD:ismbbyte.obj
 0001:000195b0       _is_LFH_enabled            000000014001a5b0 f   LIBCMTD:expand.obj
 0001:00019d30       ?_CatchTryBlock@@YAPEBU_s_TryBlockMapEntry@@PEBU_s_FuncInfo@@H@Z 000000014001ad30 f   LIBCMTD:trnsctrl.obj
 0001:0001a5e0       ?__crtLCMapStringA_stat@@YAHPEAUlocaleinfo_struct@@KKPEBDHPEADHHH@Z 000000014001b5e0 f   LIBCMTD:a_map.obj
 0001:0001aaa0       ?strncnt@@YAHPEBDH@Z       000000014001baa0 f   LIBCMTD:a_map.obj
 0001:0001aba0       ?__crtGetStringTypeA_stat@@YAHPEAUlocaleinfo_struct@@KPEBDHPEAGHHH@Z 000000014001bba0 f   LIBCMTD:a_str.obj
 0001:0001e950       xtoa_s                     000000014001f950 f   LIBCMTD:xtoas.obj
 0001:0001f6b0       ?wcsncnt@@YA_KPEB_W_K@Z    00000001400206b0 f   LIBCMTD:wcstombs.obj
 0001:00020620       ?FindHandler@@YAXPEAUEHExceptionRecord@@PEA_KPEAU_CONTEXT@@PEAU_xDISPATCHER_CONTEXT@@PEBU_s_FuncInfo@@EH1@Z 0000000140021620 f   LIBCMTD:frame.obj
 0001:00020ed0       ?FindHandlerForForeignException@@YAXPEAUEHExceptionRecord@@PEA_KPEAU_CONTEXT@@PEAU_xDISPATCHER_CONTEXT@@PEBU_s_FuncInfo@@HH1@Z 0000000140021ed0 f   LIBCMTD:frame.obj
 0001:000216f0       ?CatchIt@@YAXPEAUEHExceptionRecord@@PEA_KPEAU_CONTEXT@@PEAU_xDISPATCHER_CONTEXT@@PEBU_s_FuncInfo@@PEBU_s_HandlerType@@PEBU_s_CatchableType@@PEBU_s_TryBlockMapEntry@@H1EE@Z 00000001400226f0 f   LIBCMTD:frame.obj
 0001:00021a10       ?__RethrowException@@YAXPEAUEHExceptionRecord@@@Z 0000000140022a10 f   LIBCMTD:frame.obj
 0001:00021a50       ?ExFilterRethrow@@YAHPEAU_EXCEPTION_POINTERS@@PEAUEHExceptionRecord@@PEAH@Z 0000000140022a50 f   LIBCMTD:frame.obj
 0001:00022120       ?IsInExceptionSpec@@YAEPEAUEHExceptionRecord@@PEBU_s_ESTypeList@@@Z 0000000140023120 f   LIBCMTD:frame.obj
 0001:00022230       ?Is_bad_exception_allowed@@YAEPEBU_s_ESTypeList@@@Z 0000000140023230 f   LIBCMTD:frame.obj
 0001:000233a0       printf$fin$0               00000001400243a0 f   LIBCMTD:printf.obj
 0001:000233d0       __tmainCRTStartup$filt$0   00000001400243d0 f   LIBCMTD:crt0.obj
 0001:00023400       doexit$fin$0               0000000140024400 f   LIBCMTD:crt0dat.obj
 0001:00023420       raise$fin$0                0000000140024420 f   LIBCMTD:winsig.obj
 0001:00023440       fflush$fin$0               0000000140024440 f   LIBCMTD:fflush.obj
 0001:00023460       flsall$fin$0               0000000140024460 f   LIBCMTD:fflush.obj
 0001:00023490       flsall$fin$1               0000000140024490 f   LIBCMTD:fflush.obj
 0001:000234b0       fwprintf$fin$0             00000001400244b0 f   LIBCMTD:fwprintf.obj
 0001:000234d0       setvbuf$fin$0              00000001400244d0 f   LIBCMTD:setvbuf.obj
 0001:000234f0       _free_dbg$fin$0            00000001400244f0 f   LIBCMTD:dbgheap.obj
 0001:00023510       _CrtCheckMemory$fin$0      0000000140024510 f   LIBCMTD:dbgheap.obj
 0001:00023530       _heap_alloc_dbg_impl$fin$0 0000000140024530 f   LIBCMTD:dbgheap.obj
 0001:00023530       _CrtMemCheckpoint$fin$0    0000000140024530 f   LIBCMTD:dbgheap.obj
 0001:00023530       ?fin$0@?0??_CrtMemDumpAllObjectsSince_stat@@YAXPEBU_CrtMemState@@PEAUlocaleinfo_struct@@@Z@4HA 0000000140024530 f   LIBCMTD:dbgheap.obj
 0001:00023550       _initptd$fin$0             0000000140024550 f   LIBCMTD:tidtable.obj
 0001:00023550       _freefls$fin$0             0000000140024550 f   LIBCMTD:tidtable.obj
 0001:00023570       _initptd$fin$1             0000000140024570 f   LIBCMTD:tidtable.obj
 0001:00023570       _freefls$fin$1             0000000140024570 f   LIBCMTD:tidtable.obj
 0001:00023590       _onexit$fin$0              0000000140024590 f   LIBCMTD:onexit.obj
 0001:000235b0       _IsNonwritableInCurrentImage$filt$0 00000001400245b0 f   LIBCMTD:pesect.obj
 0001:000235f0       __updatetmbcinfo$fin$0     00000001400245f0 f   LIBCMTD:mbctype.obj
 0001:000235f0       _setmbcp$fin$0             00000001400245f0 f   LIBCMTD:mbctype.obj
 0001:00023610       ?dtor$0@?0??getSystemCP@@YAHH@Z@4HA 0000000140024610 f   LIBCMTD:mbctype.obj
 0001:00023630       __lock_fhandle$fin$0       0000000140024630 f   LIBCMTD:mlock.obj
 0001:00023630       _mtinitlocknum$fin$0       0000000140024630 f   LIBCMTD:mlock.obj
 0001:00023650       ?filt$0@?0??terminate@@YAXXZ@4HA 0000000140024650 f   LIBCMTD:hooks.obj
 0001:00023650       __BuildCatchObject$filt$0  0000000140024650 f   LIBCMTD:hooks.obj
 0001:00023650       __BuildCatchObjectHelper$filt$0 0000000140024650 f   LIBCMTD:hooks.obj
 0001:00023650       ?filt$0@?0??_inconsistency@@YAXXZ@4HA 0000000140024650 f   LIBCMTD:hooks.obj
 0001:00023670       _fcloseall$fin$0           0000000140024670 f   LIBCMTD:closeall.obj
 0001:00023690       _VCrtDbgReportA$fin$0      0000000140024690 f   LIBCMTD:dbgrptt.obj
 0001:000236b0       _VCrtDbgReportA$fin$1      00000001400246b0 f   LIBCMTD:dbgrptt.obj
 0001:000236e0       _VCrtDbgReportW$fin$0      00000001400246e0 f   LIBCMTD:dbgrptt.obj
 0001:00023700       _VCrtDbgReportW$fin$1      0000000140024700 f   LIBCMTD:dbgrptt.obj
 0001:00023730       ?dtor$0@?0??x_ismbbtype_l@@YAHPEAUlocaleinfo_struct@@IHH@Z@4HA 0000000140024730 f   LIBCMTD:ismbbyte.obj
 0001:00023750       _CallSETranslator$filt$0   0000000140024750 f   LIBCMTD:trnsctrl.obj
 0001:000237b0       fclose$fin$0               00000001400247b0 f   LIBCMTD:fclose.obj
 0001:000237d0       _locterm$fin$0             00000001400247d0 f   LIBCMTD:setlocal.obj
 0001:000237d0       __updatetlocinfo$fin$0     00000001400247d0 f   LIBCMTD:setlocal.obj
 0001:000237f0       __FrameUnwindToState$filt$0 00000001400247f0 f   LIBCMTD:frame.obj
 0001:00023820       __FrameUnwindToState$fin$1 0000000140024820 f   LIBCMTD:frame.obj
 0001:00023860       __CxxCallCatchBlock$filt$0 0000000140024860 f   LIBCMTD:frame.obj
 0001:00023890       __CxxCallCatchBlock$fin$1  0000000140024890 f   LIBCMTD:frame.obj
 0001:00023930       __DestructExceptionObject$filt$0 0000000140024930 f   LIBCMTD:frame.obj
 0001:00023960       _write$fin$0               0000000140024960 f   LIBCMTD:close.obj
 0001:00023960       _close$fin$0               0000000140024960 f   LIBCMTD:close.obj
 0001:00023960       _commit$fin$0              0000000140024960 f   LIBCMTD:close.obj
 0001:00023960       _lseeki64$fin$0            0000000140024960 f   LIBCMTD:close.obj
 0001:00023980       ?fin$0@?0???3@YAXPEAX@Z@4HA 0000000140024980 f   LIBCMTD:dbgdel.obj
 0001:00023980       _CrtSetDbgFlag$fin$0       0000000140024980 f   LIBCMTD:dbgdel.obj
 0001:00023980       _realloc_dbg$fin$0         0000000140024980 f   LIBCMTD:dbgdel.obj
 0001:00023980       _msize_dbg$fin$0           0000000140024980 f   LIBCMTD:dbgdel.obj
 0001:000239a0       ?fin$0@?0??_Type_info_dtor@type_info@@CAXPEAV1@@Z@4HA 00000001400249a0 f   LIBCMTD:typname.obj
 0001:000239c0       ??__Ekeystate@@YAXXZ       00000001400249c0 f   main.obj
